OK
FAIL
1
FAIL
OK
5
FAIL
OK
OK
8
OK
FAIL
OK
13
OK
FAIL
FAIL
9
OK
OK
OK
OK
OK
FAIL
OK
OK
OK
FAIL
OK
OK
OK
11
27
26
FAIL
OK
19
OK
29
FAIL
36
OK
FAIL
OK
OK
31
44
OK
OK
OK
22
OK
FAIL
49
48
FAIL
OK
OK
58
FAIL
OK
OK
FAIL
38
52
OK
OK
OK
OK
30
FAIL
25
OK
23
FAIL
FAIL
OK
OK
FAIL
OK
OK
FAIL
FAIL
OK
OK
OK
78
OK
FAIL
85
FAIL
FAIL
OK
OK
OK
OK
FAIL
OK
95
OK
FAIL
OK
FAIL
OK
57
FAIL
OK
OK
96
93
OK
OK
FAIL
100
OK
FAIL
OK
66
FAIL
OK
FAIL
FAIL
OK
OK
OK
115
112
OK
FAIL
OK
FAIL
FAIL
OK
OK
OK
FAIL
OK
130
FAIL
135
OK
OK
FAIL
FAIL
OK
OK
73
FAIL
OK
OK
OK
FAIL
FAIL
OK
FAIL
42
OK
FAIL
OK
OK
OK
FAIL
OK
OK
157
FAIL
FAIL
OK
77
OK
117
FAIL
69
FAIL
107
OK
123
OK
FAIL
OK
OK
OK
142
FAIL
OK
OK
OK
OK
OK
OK
OK
OK
137
176
OK
FAIL
OK
FAIL
OK
OK
FAIL
108
145
OK
OK
OK
FAIL
FAIL
190
191
OK
OK
OK
OK
FAIL
212
84
128
OK
OK
OK
186
OK
FAIL
FAIL
OK
OK
OK
FAIL
FAIL
205
FAIL
OK
223
OK
FAIL
OK
134
OK
OK
OK
68
OK
FAIL
227
FAIL
180
FAIL
FAIL
OK
OK
FAIL
OK
FAIL
OK
98
OK
FAIL
OK
FAIL
OK
133
OK
OK
OK
FAIL
OK
OK
FAIL
OK
FAIL
220
187
FAIL
OK
OK
OK
FAIL
FAIL
OK
239
185
FAIL
OK
FAIL
FAIL
FAIL
FAIL
FAIL
OK
OK
FAIL
FAIL
FAIL
OK
FAIL
FAIL
OK
FAIL
253
OK
FAIL
FAIL
195
OK
259
204
OK
OK
OK
233
OK
OK
OK
OK
FAIL
OK
FAIL
310
314
OK
FAIL
178
FAIL
OK
OK
88
OK
FAIL
FAIL
FAIL
FAIL
FAIL
FAIL
199
FAIL
OK
OK
OK
OK
FAIL
FAIL
FAIL
FAIL
OK
338
284
FAIL
OK
241
FAIL
325
FAIL
OK
FAIL
FAIL
FAIL
OK
OK
OK
OK
OK
FAIL
OK
OK
OK
FAIL
OK
FAIL
OK
FAIL
OK
FAIL
FAIL
OK
OK
OK
FAIL
FAIL
OK
OK
OK
FAIL
FAIL
FAIL
FAIL
OK
OK
OK
FAIL
OK
OK
OK
FAIL
275
FAIL
OK
FAIL
OK
OK
OK
OK
OK
FAIL
FAIL
OK
368
OK
FAIL
FAIL
OK
FAIL
FAIL
FAIL
FAIL
OK
FAIL
OK
OK
FAIL
OK
FAIL
OK
OK
FAIL
OK
408
OK
FAIL
OK
FAIL
FAIL
FAIL
OK
430
OK
OK
OK
OK
FAIL
FAIL
OK
OK
OK
FAIL
OK
261
OK
OK
213
FAIL
OK
OK
387
FAIL
OK
FAIL
FAIL
170
FAIL
426
OK
OK
250
OK
FAIL
OK
OK
161
189
OK
382
359
277
OK
FAIL
OK
94
FAIL
OK
FAIL
400
FAIL
OK
OK
OK
OK
OK
45
OK
FAIL
OK
OK
443
428
OK
399
OK
FAIL
456
OK
360
424
FAIL
OK
FAIL
OK
FAIL
FAIL
OK
FAIL
182
OK
OK
OK
FAIL
FAIL
163
OK
OK
FAIL
264
FAIL
OK
FAIL
86
FAIL
OK
206
510
444
OK
FAIL
OK
FAIL
OK
OK
FAIL
FAIL
FAIL
OK
OK
OK
393
OK
OK
FAIL
FAIL
FAIL
OK
FAIL
OK
OK
OK
OK
375
OK
OK
FAIL
FAIL
OK
OK
FAIL
OK
FAIL
FAIL
FAIL
FAIL
OK
OK
OK
OK
OK
OK
OK
192
OK
OK
OK
FAIL
OK
FAIL
FAIL
OK
FAIL
FAIL
OK
FAIL
226
FAIL
OK
446
OK
OK
345
OK
FAIL
OK
OK
FAIL
OK
149
OK
OK
OK
546
FAIL
487
OK
OK
FAIL
FAIL
OK
OK
OK
OK
436
FAIL
515
309
OK
OK
594
OK
FAIL
528
FAIL
OK
OK
OK
OK
FAIL
221
FAIL
OK
OK
OK
OK
OK
OK
OK
397
OK
OK
639
OK
587
OK
317
493
FAIL
OK
FAIL
OK
168
OK
OK
OK
OK
541
OK
FAIL
391
FAIL
519
219
OK
OK
FAIL
448
657
OK
FAIL
FAIL
488
FAIL
OK
641
361
FAIL
OK
OK
490
FAIL
OK
581
OK
FAIL
554
OK
OK
OK
453
FAIL
FAIL
OK
FAIL
558
FAIL
FAIL
OK
OK
555
OK
OK
OK
FAIL
OK
OK
OK
OK
FAIL
FAIL
FAIL
FAIL
OK
OK
FAIL
OK
FAIL
OK
OK
OK
OK
FAIL
616
OK
FAIL
OK
FAIL
OK
FAIL
FAIL
OK
OK
690
OK
OK
263
FAIL
629
OK
OK
392
FAIL
FAIL
80
FAIL
OK
362
OK
FAIL
722
OK
403
OK
OK
FAIL
OK
OK
OK
709
FAIL
701
OK
OK
573
OK
FAIL
537
719
OK
FAIL
FAIL
OK
FAIL
OK
710
OK
OK
OK
749
OK
OK
FAIL
OK
OK
OK
FAIL
364
FAIL
643
779
FAIL
OK
OK
OK
452
OK
OK
OK
FAIL
OK
OK
OK
FAIL
61
FAIL
OK
OK
OK
OK
OK
OK
FAIL
FAIL
OK
120
OK
437
553
OK
OK
267
FAIL
OK
OK
FAIL
FAIL
418
FAIL
OK
OK
OK
FAIL
OK
FAIL
FAIL
OK
OK
OK
OK
814
OK
FAIL
OK
OK
826
OK
FAIL
FAIL
FAIL
FAIL
OK
OK
FAIL
FAIL
OK
OK
FAIL
OK
FAIL
381
760
125
301
777
OK
FAIL
FAIL
OK
OK
FAIL
OK
562
OK
OK
FAIL
OK
OK
FAIL
OK
FAIL
OK
OK
OK
FAIL
OK
OK
FAIL
754
FAIL
609
OK
OK
197
OK
FAIL
FAIL
711
OK
OK
OK
OK
OK
FAIL
OK
OK
OK
FAIL
624
OK
OK
882
OK
OK
OK
OK
402
FAIL
652
FAIL
813
OK
OK
FAIL
915
OK
OK
OK
321
OK
OK
OK
654
FAIL
OK
OK
OK
FAIL
FAIL
OK
FAIL
OK
291
OK
FAIL
OK
636
520
570
FAIL
OK
FAIL
OK
OK
FAIL
OK
FAIL
OK
OK
FAIL
OK
OK
OK
FAIL
OK
644
FAIL
FAIL
799
FAIL
OK
855
OK
OK
FAIL
543
188
FAIL
879
964
FAIL
OK
FAIL
FAIL
OK
OK
OK
FAIL
FAIL
268
462
OK
OK
OK
OK
OK
OK
OK
