OK
ERR
ERR
1
OK
1
5
FAIL
5
OK
OK
1
OK
OK
5
ERR
OK
5
ERR
10
1
ERR
ERR
5
ERR
OK
5
5
1
1
OK
OK
5
FAIL
FAIL
ERR
ERR
FAIL
OK
OK
FAIL
ERR
ERR
ERR
10
FAIL
40
1
FAIL
OK
5
OK
ERR
OK
FAIL
ERR
OK
ERR
ERR
FAIL
ERR
ERR
ERR
OK
OK
OK
ERR
ERR
OK
66
FAIL
OK
ERR
26
FAIL
ERR
OK
ERR
26
FAIL
ERR
OK
OK
OK
OK
FAIL
26
ERR
66
1
ERR
FAIL
FAIL
5
65
66
ERR
OK
5
ERR
OK
5
FAIL
5
5
ERR
ERR
OK
5
1
OK
14
ERR
OK
ERR
ERR
OK
64
14
ERR
OK
ERR
5
ERR
ERR
ERR
ERR
ERR
ERR
OK
ERR
OK
FAIL
ERR
26
ERR
ERR
OK
OK
5
ERR
1
ERR
5
ERR
5
OK
OK
132
OK
FAIL
OK
OK
OK
40
65
ERR
5
ERR
ERR
ERR
ERR
OK
13
OK
66
ERR
ERR
OK
ERR
ERR
52
FAIL
ERR
ERR
32
5
OK
ERR
26
ERR
ERR
ERR
77
ERR
ERR
130
169
OK
FAIL
OK
ERR
FAIL
OK
57
54
ERR
ERR
ERR
5
ERR
5
ERR
OK
OK
ERR
OK
OK
117
40
OK
OK
OK
FAIL
5
ERR
OK
ERR
ERR
1
ERR
52
FAIL
FAIL
OK
OK
ERR
ERR
ERR
26
ERR
ERR
1
OK
ERR
163
OK
5
132
ERR
65
26
FAIL
5
ERR
5
FAIL
FAIL
OK
ERR
FAIL
52
13
ERR
57
ERR
OK
ERR
5
132
ERR
OK
FAIL
OK
ERR
52
14
OK
ERR
OK
OK
FAIL
OK
52
65
ERR
OK
OK
FAIL
FAIL
11
ERR
FAIL
ERR
ERR
ERR
ERR
ERR
5
OK
FAIL
OK
OK
ERR
52
10
ERR
5
ERR
ERR
5
40
OK
FAIL
OK
FAIL
FAIL
ERR
ERR
ERR
OK
OK
FAIL
ERR
5
ERR
OK
FAIL
ERR
ERR
OK
278
262
OK
ERR
5
OK
327
ERR
26
ERR
ERR
5
14
FAIL
OK
72
278
72
321
65
OK
OK
213
OK
OK
ERR
FAIL
5
FAIL
FAIL
262
121
ERR
OK
FAIL
ERR
66
OK
26
OK
26
13
ERR
ERR
278
ERR
5
OK
ERR
54
OK
OK
121
OK
ERR
ERR
ERR
ERR
5
OK
ERR
153
ERR
OK
ERR
ERR
OK
ERR
ERR
ERR
359
ERR
ERR
OK
270
OK
FAIL
ERR
OK
OK
1
FAIL
ERR
FAIL
ERR
FAIL
ERR
FAIL
OK
5
ERR
ERR
40
OK
OK
OK
ERR
OK
FAIL
ERR
OK
416
OK
OK
OK
OK
OK
40
OK
OK
FAIL
OK
321
FAIL
OK
ERR
5
FAIL
83
317
278
ERR
OK
5
ERR
OK
OK
5
OK
ERR
165
321
132
138
343
OK
26
OK
397
ERR
5
327
138
OK
ERR
FAIL
5
FAIL
ERR
FAIL
226
ERR
ERR
OK
84
FAIL
OK
OK
271
FAIL
OK
207
OK
OK
431
ERR
ERR
FAIL
ERR
FAIL
FAIL
355
5
459
10
OK
10
FAIL
66
OK
14
FAIL
FAIL
ERR
ERR
40
FAIL
OK
ERR
138
148
1
FAIL
ERR
ERR
FAIL
OK
OK
FAIL
262
OK
FAIL
40
OK
475
ERR
FAIL
OK
138
ERR
ERR
OK
83
410
OK
485
ERR
ERR
ERR
FAIL
ERR
OK
ERR
OK
OK
FAIL
FAIL
163
FAIL
14
OK
ERR
ERR
OK
1
FAIL
475
OK
397
FAIL
OK
ERR
1
OK
5
ERR
OK
ERR
ERR
ERR
ERR
ERR
FAIL
ERR
OK
427
ERR
FAIL
ERR
5
ERR
OK
OK
OK
OK
FAIL
ERR
FAIL
422
OK
OK
OK
FAIL
ERR
FAIL
FAIL
FAIL
ERR
OK
ERR
5
OK
OK
1
OK
317
ERR
397
OK
OK
153
ERR
OK
163
OK
OK
270
ERR
ERR
OK
ERR
FAIL
13
OK
ERR
226
ERR
ERR
1
13
OK
OK
OK
FAIL
26
ERR
FAIL
OK
FAIL
OK
ERR
ERR
ERR
OK
32
ERR
ERR
1
40
FAIL
FAIL
FAIL
OK
FAIL
ERR
1
OK
ERR
OK
OK
OK
1
OK
OK
117
ERR
ERR
FAIL
OK
OK
ERR
ERR
FAIL
FAIL
OK
ERR
ERR
26
OK
FAIL
101
66
13
FAIL
OK
OK
OK
OK
32
664
FAIL
ERR
OK
ERR
64
OK
5
FAIL
1
ERR
13
ERR
ERR
OK
OK
ERR
ERR
ERR
OK
ERR
OK
ERR
5
712
OK
ERR
OK
OK
324
ERR
FAIL
OK
ERR
FAIL
FAIL
FAIL
54
ERR
OK
ERR
FAIL
664
OK
ERR
ERR
OK
FAIL
361
FAIL
ERR
5
ERR
FAIL
FAIL
FAIL
5
OK
FAIL
ERR
ERR
5
OK
ERR
ERR
ERR
OK
FAIL
ERR
ERR
FAIL
40
ERR
10
OK
ERR
40
OK
98
OK
OK
OK
FAIL
428
OK
ERR
5
ERR
ERR
ERR
ERR
FAIL
FAIL
FAIL
ERR
ERR
FAIL
FAIL
662
FAIL
OK
FAIL
83
5
OK
132
268
ERR
ERR
ERR
OK
OK
OK
ERR
FAIL
FAIL
303
OK
FAIL
ERR
ERR
5
OK
485
ERR
OK
ERR
ERR
OK
40
791
ERR
OK
OK
65
5
OK
ERR
FAIL
1
ERR
OK
5
OK
OK
ERR
ERR
ERR
ERR
ERR
FAIL
OK
FAIL
FAIL
824
FAIL
FAIL
OK
FAIL
OK
419
OK
ERR
ERR
OK
OK
ERR
ERR
FAIL
OK
ERR
66
664
85
ERR
5
OK
26
OK
427
ERR
712
OK
OK
234
ERR
ERR
FAIL
ERR
OK
303
ERR
77
ERR
5
OK
OK
OK
ERR
5
FAIL
FAIL
OK
150
FAIL
OK
ERR
OK
OK
ERR
ERR
OK
270
OK
OK
428
ERR
543
FAIL
FAIL
OK
395
ERR
OK
603
FAIL
OK
OK
ERR
FAIL
OK
OK
5
OK
OK
OK
OK
ERR
ERR
OK
312
OK
5
ERR
OK
ERR
OK
ERR
OK
385
ERR
OK
FAIL
FAIL
536
1
FAIL
52
5
336
OK
ERR
FAIL
FAIL
FAIL
OK
ERR
ERR
FAIL
FAIL
ERR
ERR
FAIL
ERR
OK
FAIL
522
848
FAIL
ERR
OK
54
FAIL
ERR
ERR
FAIL
OK
ERR
OK
ERR
1
ERR
OK
ERR
801
FAIL
ERR
OK
OK
662
98
OK
ERR
FAIL
OK
OK
ERR
FAIL
FAIL
FAIL
