LLLLLLLRLLLLLLLLLLLLLLLLLLLLLLLLLLLLLLLLLLLLLLLLLLRRRRRRRRRRRRRRRRRRRRRRRRRRRRRRRRRRRRRRRRRRRRRRRRRRRRRRRRRRRRRRRRRRRRRRRRRRRRRLRRRRRRRRRRRRRRRRRRRRRRRRRRRRRLRRRRRRRRRRRRRRRLRRRRRRRRRRRRRRRRRRRRRRRRRRLRRRRRRRRRRRRRRRRRRLRRRRRRRRRRRRRRRRRRRRRRRRRRRRRRRRRRRRRRRRRLRRRRRLRRRRRRRRRRLRRRLRRRRRRRRRRRRRLLRLLLLLLLLLLRLLLLLLLLLLLLLLLLLLLLLLLLLLLLLRLLLLLLLLLLLLLLLLLLLRLLLLLLLRLLLLLLLRLLLLLLLLLLRRLRRRLRLRLLRRRLRRLRRLLLRRLRLRLRLRLRRRLRLRRLRRRRLLLLLLLLLLRLLLRLLLLLLLLLLLLLLLLLLLLLLLLLLLLLLLLLLLLLLLLLRLLRRRRRRL
LLLLLRLLLLLLLLLLLLLLLLRLLLLLRLLLRRRLRRRRRRRRRRRRRRRRRRRRRRRRRRRRRRRRRRLRRRRRRRRRRRRRRLRRRRRRRRRRRRRRRLRRRRRLLLLLLLLLLLLLLLLLLLLLLLLLLLLLLLLLLLLLLLLLLLLLLLLLLLLLLLLRLLLRRLLLLLLRLLLLLRLLRRRLRLLLRRRRRRRRRRRRRRRRRRRRRLLLLLLLLLLLLRRRRRRRRRRLRRRRRRRRRLRRLLLLLRLLRRRRRLLLRRRRLLLLLLRLLLRLRRRLRRRRLRRRRLLLRLRRLLLLLLLLLLLLLLRLLRRLLLLRRLLLLLLLLLLLLLRLLLLLLLLLLLLRLLLLLLLLLLLLLLLLLLLLLLLLLLLLLLLLLLLLLLLLLLLLLLLLLLLLLLLLLLLLLLLLLLLLLLLLLLLLLLLLLLLLLLLLLLLLLLLLLLLLLLLLLLLLLLLLLLRRLRLLLRLRLLLLRLLLLRRRLRRLLLLLLRRL
RRRRRRRRRRRRRRRRRRRRRRRRRRRRRRRRRRRRRRRRRRLLLLLLLLLLLLLRRLLLLLLLLRLLRRRLRRRRRRRRRRRRRRRRRLRRLRRLRRRRRRRRRRRLLRLLLRRLRRRRRRRRRRRRRRRRRRLRRRRRRRRRRRRRRRRLRRRRRRRRRRRRLRRRRRRRRRRRRRLRLRRRLLRLRRRRRRRRRRRRRRRRRRRRRRRRRLRRRRRRRRRRRRRRRRRRLLLLLLLLLLLLLLLLLLLLLRLLLLLLLLLLLLLLLRLLLLLRLLLLLLLLLLLLLLLLLLLLLLRLLLLLLLLLLLLLRRLLLLLLLLLLLLLRLLLLLLLLLLRLLLLLLLLLLLLLLRRRLRRRRRRRRRRRRRRRRRRRRRRRRRRRRRRRRRRRRRLLRRRRRLRLRRLRRLRRLLRRRLRRRRRRRRRRRRRRLRRRRRRLRRRRRRRRLRLRRRRRRRRRLRLRRRRRRRRRRRLRRRLLLLLLLLLLLLLLLLLLRRRL
LLLLLLLLLLLLLLLLLLLLLLLLLLLLLLLLLLLLLLLLLLLLLLLLLLLLLLLLLRRRRRRRRRRRRRRRRRRRRRRRRRRRRRRRRRRRRRRRRRRRRRRRRRRRRRRRRRRRRRRRRRRRRRRRRRRRRRRRRRRRRRRRRRRRRRRRRRRRRRRRRRRRRRRRRRRRRRRRRRRRRRRRRRRRRRRRRRRRRRRRRRRRRRRRRRRRRRRRRRRRRRRRRRRRRRRRRRRRRRRRRRRRRRRRRRRRRRRRRRRRRRRRRRRRRRRRRRRRRRRRRRRRRRRRRRRRRRRRRRRRRRRRRRRRRRRRRRRRRRRRRRRRRRRRRRRRRRRRRRRRRRRRRRRRRRRRRRRRRRRRRRRRRRRRRRRRRRRRRRRRRRRRRRRRRRRRRRRRRRRRRRRRRRRRRRRRRRRRRRRRRRRRRRRRRRRRRRRRRRRRRRRLLLLLLLLLLLLLLLLLLLLLLLLLLLLLLLLLLLLLLLLLLLLLLLLLLLLLLLLL
LLRRRLLLRRRLRLLLLRRLLRLRLLLLRLLLLLLLRLLLRLLLRLLLRLLLRLLRRRLLLLLLRRRLRLLRLLLLRRLRLLLRRLLRLLLLLRRLRRRRRLLLLLLLLRRRLRRLLRRLLLLLLRRRLLLLLLRRRLLRRLRLLLLRRLRRRLLRRRLRRRLLLRRLLLLLLLRLRLLLLRLLLRRRLLLLRLLLLLLRRRLLLLRRLRLRRLLRRLRLRLRRLLLRRLLRLLLLRLRLLLLLLLLLLRRLLLLLLRRRLLRRRRRLLRLLLRLRRLRRLLRRLLLLLRRRRLRLLLLRRRRRLLRRLLLLLRLRRRRLLLLLRRLLRRLLRRRLLLLRLRRRLLRRLRLLRLLLRRLLLLLLLRLLRRLLLRLRLLRRLLRLLLLRRRRLLLLRRLLLRRLLLLRLLLLLLLLLLRRLLLLRLLRLLRLLLLRRLLLRRLLRRLRRLRRRLLLLRLRRLLLLRRRRLLLLLLLRRRRLLLLRRLRRLLRLRLLLRRLL
RRLRRRRRRRRRRRRRLRRRLRRRRRRLRRLRRRRRLRRRRRRRLRLRRRRRLRRRRRLLRRRRRRRRRRRRRRRRRLLLLLLLRLLLLRRRRRRRRRRRRRRRRRRRRRRRRRRLRRRRRRRRRRRRRRRRRRLRRLRRRRRRRRRLLLLLLLLLRLLLLLLLLLLLLLLLLLLLLLLLLLLLLLLLLLLLLLLLLLLLLLLLLLLLLRRRRRRRRRRRRRRRLLLLLLLLLLLLLLLLLLLLLLLLLLLLLLLLLLLLLLLLLLLLLLLLLLLLLLLLLLLLLLLLLRLLLLLLLLLLLLLLLLLLRLLLLLLLRRRRRRRRRRRRRRRRRRRRRRRRRRRRRRRRRRRRRRRRRRRRRRLLLLLLLLLLLLLLLLLLRRLLLLRRRRRRRRRRRRRRRRRRRRRRRRLRRRLLLLLLLLLLLLLLLLLLLLLLLLLLRLLLRRRRRRRRRRRRRRRRRRRRRLRRRRRRRRRRRRRLLRRRRRRRRRRRRRRLLRRL
LLLLLLLLLLLLLLRRLLLLLLLLLLLLLLLLRLLLLLLLLLLLLLLLLLLLLLLLLLLRLLLLLLLLLLLLLLLLLLLLRLLRRRRRRRRRRRRRRRRRRRRRRRRRRRRRRRRRRRRRRRRRRRRRRRRRRRRRRRLRRRRRRRRLRRRRRRRRRLLLRLLLLLLLLLLLLLLLLLLLLLLLLRRRRLRRRLLLLLLLLLLLLLLRRRRRRRLLLLLLLLLLLLLRRLLLLLLRLLLLLLLLLLRRRRRRRLRRRLRRRRRRRRRRRRRRRRRRRRRRRRRRRRRLLLLLLLLLLLLLLLLLLLLLLLLLLLLLLLLLLLLLLLLLLRLLRRLRLLLLLRRRRRRRRRRRRRRRRRLLLLLLLLLLLLLLLLLLLLLLLLLLLLLLLLLLLLLLLLLLLLLLLLLLLLLLLLLLLLLLLLLLLLLLLLLLLLRRRRRLLRRRRRRRRRRRRLLLLLLLLLLLLLLLLLLLLLRRLLLLRLLLLLRRRRRRRRRRRRRL
RRRRRRRRRRRRRRRRRRLLLRRRRRRRRRRRRRRRRRRRRRRRRRRRRRRRRRRRRRRRRRRRRRRRRRRRRRRRRRRRRLRRRRRRRLLLLLLLLLLLLLLLLLLLLLLLLLRLLLRRRRRRRRRRRRRRRRRRRRRRLRRRRRRRRRRRRRRRRRLLLLLRRLRRLRRLLLLLRLRLLRLLLLLLLLLLLLLLLLLLLLLLLLLLLLLLLLLLLLLLLLLLLLLLLLLLLLLLLLLLLLLLLRRRRRRRRRRRRRRRRRRRRRRRRRRLRRRRLRLLLLLLLLLLLLRLLRRLRRRRLRRRRRLRRRLRRLLRLRRRRRRRRRRRRRLRRRRRRLRRLRRLLRRLLRLLRRRRRRRRRLRRLRRRRRLRLRRRRLRRLRRRRRRRRRLLLLLLLLLRLRRRRRRRRRRRRRRRRRRRRRRRRLLLLLLLLLLLLLRLLLRLLLLLLRRRLLLLLLLLRLLLRLLLLLLLLRLLRLLLLLLLLLLLLLLLLLLLLLLL
LLRRLRRLRLLLLLLLLLLRLLRRLLLLLRLLLLLLLLLLRRLLLLLLLLRLLLLRRLLLLLLLLLLLLRLLLLLRRRLLRLLLRLLLLRLLLLRLLLLLLLLLLLLLLLLLLLLRLLLLLLLLLLLLLLLLLLLLLLLLLLLLRLRRLLLLLLLLLLRRRRLRLLLLLRLLRLLRLLLLLLLLLLLLLLLLRLLLLLLLLLLLRRLRLLLLLRLRLLLRLLLLLRLLLLLRLLLLLRRLLLLLLLLLRRRRLLLLLLLLLLLRLRRLLLLRLLLRLLLLLLLLLRRLLLLLLLLRLLLLLLLLLLLLRLRRLLLLLLLLLLLLLLLLLLLLLLLLLLLLLLLLLLLLLLLLLLLLLLLLLLLLLLLLLLLLLLLLLLLLLLLLLLLLLLLLLLLLLLLLLLLLLLLLLLLLLLLLLLLLLLLLLLLLLLLLLLLLLLRLLLLLLLLLLLLLLLLLLLLRLLLLLLLLLLLLLLLLLLLLLLLLLLLLLLLLRRLRRLRL
LLLLLRRLLLLLRLLLLRLRLLRLLRLLLLRRRLLLLLLLLRLLLLLLLLLLRRRRRRLRRRLRRRRRRRRRRRLRRRRRRRRRRLLRRRRRRRRRRRRRRRRRRLRRRRRRRRRRRRLRRRRRRRRRRRRRLRRRRRRRRRLRRRRRRRRRLLLLLLLRLLLLLLLLLLLLLLLLLLLLLRLLLLLLLLLLLLLLLRRRRRRRRRRRRRRRRRRRRLRRRRRRLRRRRRRRRRRRRRRRRRRRRRRRRRRRRRRRRRRRRRRRRRRRRRRLLLLLLRLLLLLLLLLLLLLLLLLLLLLLLLLLLLLLLLLLLLLLLLLLLLLLLLLLLLLLLLLLLLLLLLLLLLLLLLLLLLLLLLLLLLLLLLLLLLLLRRRRRRRRRLLRRRRRRRRRRRRRLLLLLLLLLLLLLLLLLLLLLLLLLLLLLLLLLLLLLLLLRRRRRRRRRRRRRRRRRRRRRRRRLLLLLLLLLLLRLLLLLLRLLLLLLLLLLLLLLLRLLLLL
RRRRRRRRRRRRRRRRRRRRRRRRRRRRRRRRRRRRRRRRRRRRRRRRRRRRRRRRLRRRLLLLLLLLLLLLLLLLLLLLLLLLLLLLLLLLLLLLLLLLLLLLLLLLLLLLLLLLLLLLLLLLLLLLLLLLLLLLLLLLLLLRLLLLRRRRRRRRRRRRRRRRRRRRRRRRRRRRRRRRRRRRRRRRRRRRRRRRRRRLRRRRRRRRRRRRRRRRRRRRRRRRRRRRRRRRLRRRRRRRRRRRRRRRRRRRRRRRRRRRRRRRRRRRRRRRRRRRRRRRRRRRRRRRRRRRRRRRRRRRRRRRRRRRRRRRRRRRRRRRRRRRRRRLRRRRLLLRRLLRRLLRRLLRRRLLRRRRRRLLRLRLLRLRRRLLLRLLLRRRRRRRRLRRRLLRLRLRRRLRRLLRRLRRLRRLLRLRRLLLLRRRRLRRRRLRLLRLRLRRRLLRRLLRLRRRLRLRRRRRRLLRRLRRRRLRRLRRRLRLRRLLLLLLLLLLLLLLLLRL
LRLRRRRRRRRRRRRRRRRRLRLLRLLRRLLRRLLLRRRLRRRRRRLLRLRRRRRRRRLRRLRRRRRRRRRRRRRRLRRLLRRLRRRRRRRRLRRRRLLLRRRRRRRLLLRRRRRRRRRRLRLRRRRRLRRLRRRRRLRRRRLLRRRRRRRRLLLRRLRRLLRRRRRLLRRLRRRLRRLLRRLRRRLLRRLRLLRLRLLRRRRRRRLRRRRRLRLLRRRRLLRRRRLRRRRRLRRRRLRRRLRRRLRRRRRLRRLLLRRRRRRRRRLRRRRRRLLRRLRRRLLRRRRRRRLRRLLRRRRLRRRRLLRLLRRLLRRRRRRRRRRRRRRRRRRLRRRRLLRRRRRRRLRRRLRLRLRRLRRRRLRRRRLRRRRRRLLRRLLRRRRRRRRRRRLLRRRRLRRRLLLLRLRLLRRRRRRRRRLLRRRLLRRRRRRRLRLRLLRRRRRRLRRRRRLLRRRLRRRLRRRRLLRRRRRRLRRRRRRRRRLRRLRLRRRRRLRLRLLL
LRRLRLLLLRRLLRRLRRRRLLRLRRRRRRRRLLRRRRRRRRRRLRRRLRLRRRLLRRRLLLRRLLRRRRLRLRRRLRRRRLLLLLLLRRRRRRRRRLRRRRLLRRRLRRRRRLRLRRRRLRRRRRRLRRRRLLRRLLLRRRRRRRRLRLLRRRLRRRRLLLLRLRRRRRRRRRRLRLRRRRRRRRLRRLLLRRLRLLLLRRRRRRRLLLLRRLRLRRRRRRRRRLRLRRRRRRRLRRRRRRRLRLRRLLRRRLRRRRRLRLLLRRRRRRRRRRRRLRLRRRRRRRRRLRRRLLRRRRRRLLRLLRRLRRRRRRRRRRLLRLRRLLRRLRRRRRLLLLLLLLLRLLLLLLLLLLLLLLLLLLRRRRRRRRRRRRRRRRRRRRRRRRRRRRRRLLLRRLLRRRLLRRRRRRRRLLLLLLLLLLLLLLLRRLLLLLRRRRLRLLRRLLLLLRRLLLRLLLLRRRRRLLRRRRRRLLLLRRLLLRRLRRLRLLRLLLLLRRLL
LLLLLLLLLLLLLLLLLLLLLLLRLLLLLLLLLLLRLLLLLLLLLRLLLLLRRLRRRRRRRRRRRRRRRRRRRRRRRLRRRLRRRRRRRRRRRRLRRRRRRRRRRRRRRRRRLRRRRRRRRRRRRRRRRRRRRRRRRRRRRRRRRLLLLLLLLLRLLRLLLLLLLLLLLLLLLLLLLLLLLLLLLLLLLLLLLLLLRRLLLLLLLRLLLRLLLRRLRLRLLLLRRLLRLLRLRRLRLLRLLLLRLLLRLLRLLLLRRLLRRRLLLRRRLLLRRRLLRLLLLLRRLLLRRRRLLLLLLRLRLLLRLLLLLLLLLRLLRLRRRLLRLLRRRLRRRRRRRRRRRRRRRRLRRRRRRRRRRRRRRRRRRRLLRLLLLLLLLLLLRLLLLLLLLLLLLLLLLLLLLLLLLLLLLLLLLLLLLLLLLLLLLLLLLLLLLLLLLLLLLLLLLLLLLLLLLRRRRRRRLLLLLLLLLLLLLLLLLLRLLLLLLLLLLLLLLLLLLLLL
RRRRRRRRRRRRRRRRRRRRRRRRRRRRRRRRRRRRRRRRRRRRRRRRRRRRRRRRRRRRRRRRRRRRRRRRRRRRRRRRRRRRRRRRRRRRRLRRRRRRRRRRRRRRRRRRRRRRRRRRRRRRRRRRRRRRRRRRRRRRRRRRRRRRRRRRRRRRRRRRRRRRRRRRRRRRRRRRRRRRRRRRRLLLLLLLLLLLLLLLLLLLLLLLLLLLLLLLLLLLLLLRRRRRRRRRRRRRRRRRRRRRRRRRRRRRRRRRRRLRRRRRRRRRRRRRRRRRRRRRRRRRRRRRRRRRRRRRRRRRRRRRRRRRRRRRRRRRRRRRRRRRRRRRRRRRRRRRRRRRRRRRRRRRRRRRRRRRRRRRRRRRRRRRRRRRRRRRRRRRRRRRRRRRRRRRRRRRRRRRRRRRRRRRRRRRRRRRRRRRRRRRRRRRRRRRRRRRRRRRLLLLLLLLRRLLLLLLLLLLLLLLLLLLRRRRRRRRRRRRRRRRRRRRRRRRRRRRRRRL
RRLRLLRLRRLRLRRLLLRLRRLRRRLRRLLRRLLRRRRRLLLRRRLRLLRLRRRRLRLLRRRRRRRRRRRRRRRRRRLLLLRRLLLLLLLLLLLLLLLLLLLLLLLLLLLLLLLLLLLLLLLLLRRRRRRRLLLRLLLLLLLRRRLRRRRRRRRRRRRRRRRRRRRRRRRRRRRLRRRRRRRRRRRRRRRRRRRRRRRRRRRRRRRRRRRRRRRRRRRRRRRRRRRRRRRRRRRRRRRRRRRRRRRRRRRRRRRRRRRRRRRRRRRRRRRRRRRRRLRLLLLRLLLLLLLLLLLLLLRRRRRRRRRRRRRRRRRRRRLLLLLLLLLLLLLLRLRRLRRRRRRLRRRLRRRRRRRLRRRRRLLRRLRLLRRLRLLRLRLRRRLRRLLLRLLLRRRRRLRRRLLLRRRRRRRRRRRRRLRRRRRRRRRRRRRLRRRRRRRRRRRRRLLLLLLLLLLLLLLLLLLLLLLLLRLLLLLLLLLRLLLLLLLLLLLLLLLLLLLL
LLLLLLLLLRLLLRLLLLLRLLLLLLLLLLLLLLLLLLLLRLLLLLLLLLLLLLLLLLLLLLLLLLLRLLLLLLLLLLLLLLLRLLLLLLLLLLRLLLLLLLLRLLLLLLLLLLLLLLLLLLLLLLLLLLRRRRRRRRRRRRRRRRRRRRRRRRRRRRRRRRRRRRRRRRRRRRRRRRRRRRRLRRRRRRRRRRRRRRRRRRRRRRRRRRRRRRRRRRRRRRRRRRRRRRRRRRRRRRRRRRRRRRRRRRRRLRRRRRRRRRRRRRRRRRRRRRRRRRRRRRRRLRRRLRRRRRRRRRRRRRRRRRRRRLRRRRRRRRRLRRRRRRRRRRRRRRRRRRRRRRRRRRRRRRRRRRRRRRRRRRRRRRRRRRRRRRRRRRRRRRRRRRRRRRRRRRRRRRRRRRRRRRRRRRLRRRRRRRRRRRRRRRRRRRRRRRRRRRRRRRRLRRRRRRRRRRRRRRRRRRRRRRRRRRRRRRRRRRRRRRRRRRRRRRRRRRRRRRRL
-1
LLLLLLLLLLLLLLRRRRRRRRRRRRRRRRLRRRRRRRRRLLLLLLLLLLLLLRLLLLRRRRRRLLRRRRRLRRLLLRRRRRRRRRRRRRRRRRRRRRRRRRRRRRRRRRRRRRRRRRRRRRRRRRRRRRRLRRRRRRRRRRRRRRRRRRRRRRRRRRLRRRRRLLLLLLLLLLLLLLRRRRRRRRRRRRRRRLRRRRRRRRRRRRRRRRRRRRRRRRRRRRRLRRRRRRRRRRRRRRRRRRRRRRRRRRRRRRRRRRRLRLRRRRRRRRRRRRRRRRRRRRRRRRRRRRRRRRLRRRRRLRRRRRRRRRRRRRRRRRRRRRRRRRRRRRRRLRRRRRRRRRRRRRRRRRRRRRRRRRRRRRLLLLLLLLLLLLLLRRRRRRRRRRRRRRRRRRLLLLLRRRRLLRLLRRLLLLLLLLLLLRLLRRRLRRRRRRRRRRRRRRLRRRRRRRRRRRRRRRRRRRRRRRRRLRRRRRRRRRRRRRRRRRRRRRRLLLLRRRRL
LLLLLLLLLLLLLLLLLLLLLLLLLLLLLLLLLLLLLLLLLLLLLLLLLLLLLLLLLLLLLLLLLLLLLLLLLLLLLLLLLLLLLLLLLLLLLLLLLLLLLLLLLLLLLLLLLLLLLLLLLLLLLLLLLLLLLLLLLLLLLLLLLLLLLLLLLLLLLLLLLLLLLLLLLLLLLLLLLLLLLLLLLLLLLLLLLLLLLLLLLLLLLLLLLLLLLLLLLLLRRRRRRRRRRRRRRRRRRRRRRRRRRRRRRRRRRRRRRRRRRRRRRRRRRRRRRRRRRRRRRLLLLLLLLLLLLLLLLLLLLLLLLLLLLLLLLLLLLLLLLLLLLLLLLLLLLLLLLLLLLLLLLLLLLLLLLLLLLLLLLLLLLLLLLLLLLLLLLLLLLLLLLLLLLLLLLLLLLLLLLLLLLLLLLLLLLLLLLLLLLLLLLLLLLLLLLLLLLLLLLLLLLLLLLLLLLLLLLLLLLLLLLLLLLLLLLLLLLLLLLLLLLLLLLLLLLLLLLLLL
LRRRRRRRRRRRRRRRRRRRRRRRRRRRRRRRRRRRRRRRRRRRRRRLRRRRRRRRRRRRRRRRRRRRRRRRRLRRRRLLLRRRLLLLLLLLLLLLLLLLLLLLLLLLLRLLLLLLLLLLLLLLLLLLLLLLLLLLLLLLLLLLLRLLRLLLLRLLLLLLLLLLLLLLLLLLRLLLLLLLLLLLLLLLLLLLLLLLLRLLLLLLLLLLLLLLLLLRLLLLLLLLLLLLLLLLRLLLLLLLLLLLRRRRRRRRRRRRRRRRRRRRRRRRRRRRRRRLRLRLRLLRRLLLLLRRLRLLLLLRRRRRRLRRLRRRRRRLLLRLLRLLLLLLLLRLLRRRRLLRRRRRLRRLLRRRLLLRRRRRLLRLLRRLRLLLLRRLRRLRLLLRLLLLLLLRRRRRLRLRLLLLLLLLLRLRRRRLLLLRRRRRLRRRLRLRRRLLLLRLRLLRRLRLRRRRLLLRRRRLRRLRRRRRRLRRRRLRLLRLLLRLRRRRRRRRRLRRRRRL
LLLRLLLLLLLLLLLLLLLRLLLLLLRRRRRRRRRRRRRRRRRLRRRRRRRRRRRRRRRRRRRRRRRRRRRRRLRRRRRRRRRRRLRRRRRRRRRRRRRRRRRRRRRRRRRRRRRRRLLLLLLLLLRRRRRRRRLLLLLLLLLLLLLLLLLLLLLLLLLLRLLLLLLLLLLLLLLLLLLLLLLRLLLLLLLLLLLLLLLLLLLLLLLLLLLLRLLLLLLLLLLLRLLLLLLLLLLRRRRRRRRRRRLRLLLLLLLLLRLRLRLRRLLRLLLRLRLLLLLLLLLLRLRRLLLLLLLRLLLLRLLRLLLLLLLLLLRLLRLLLLLLLLRRRLRLLLLLLLLLRLLLLLLRLRRLRRLRLLLLLLLRRRRRRRRRRRLLLLLLLLLLLLLLLLLLLLLLLLLLLLLLLLLLLLLLLLLLLLLLLLRLRLLLLRLLLLLRLLRRLRLLRRLRLRRLLLLRLLLLLLRLRRRLLLLLLLLLLLLLLLLLLLLLLLLLLLLLLRLL
LRRLLRRLRRLLLLRLLRLRRLLLLLLLLLLLLRRLLLLRRRRLLRLLLLLLLLLLLLLLLLLLLLLLLRLRRRRRRRRRRRRLLLLLLLLLLLLLLLLLLLLLLLLLLLLLLLLLLLLLLLLLLLLLLLRRRRRRLLLLLLLLLLLLLLLLLLLLLLLLLRLLLLLLLLLLLLLLLLLLRRRRRRRRRRLLLLLLLLLLLLLLLLLLLLLRLLLRRRRRRRRRLRRRRRRRRRRRRRRRLLRRRRRRRRRRRRLRRRRRRRRRLLLLLLLLLLLLLLLLLLLLLLLLLLLLLLLLLLLLRLLLLLLLLLLLRLLLLLLLLLRLLLLLLLLLRLLLRRRRRRRRRRRRRRRRRLRRRRRRRRRRRRRRLLLLLLLLLLLLLLLLLLLLLLLLLLLLLLLLLLLLLLLLLRRRRRRRLLRRRRRRRLRRRRRRLLLLLLLLLLLLLLLLLLLLLLLLLLLLLRLLLLLRRRRRLRRRRRRRRRRRRRRRRRRRRRLRLLLL
LRRRRLLRRRRRRRRRRRRRRRRRRRRRRRRRRRRRRRRRRRRLLLLLLLLLLLLLLLLRRRLLLLLLLLLLLLLLLLLLLLLLLLLLLLLLLLLLLLLLLLLRLLLLLLLLLRLLLLLLLLLLLLLLLLLLLLLLLLLLLLLLLLLLLLLLLLLLLLLLLLLLLLLLLLLLLLLLLLLLLLLLLLLLLLLLLLLLLLLLLLLLLLLLLLLLLLLLLLLLLLLLLLLLLLLLLLLLLLLLLLLLLLLLLLLLLLLLLLLLLLLLLLLLLLLLLLLLLLLLLLLLLLLLLLLLLLLLLLLLLLLLLLLLLLLLLLLLLLLLLLLLLLLLLLLLLLLLLLLLLLLLLLLLLLLLLLRLLLLLLLLLLLLLLLLLLLLLLLLLLLLLLLLLLLLLLLLLLLLLLLLLLLLLLLLLRLLLLLLLLLLLLLLLRLLLLLLLLRRRRLLLLLLLLLLLLLLLRRRRRRRRRRRRRRRRRLRRRRRRRRRRRLRRRRRRRRRRRRLL
LLLLLLLLLLLLLLLLLLLLLLLLLLLLLLLLLLLLLLLLLLLLLLLLLLLLLLLLLLLLLLLLLLLLLLLLLLLLLLLLLLLLLLLLLLLLLLLLLLLLLLLLLLLLLLLLLLLLLLLLLLLLLLLLLLLLLLLLLLLLLLLLLLLLLLLLLLLLLLLLLLLLLLLLLLLLLLLLLLLLLLLLLLLLLLLLLLLLLLLLLLLLLLLLRRRRRRRRRRRRRRRRRRRRRRRRRRRRRRRRRRRRRRRRRRRRRRRRRRRRRRRRRRRRRRRRRRRRRRRRRRRRRRRRRRRRLLLLLLLLLLLLLLLLLLLLLLLLLLLLLLLLLLLLLLLLLLLLLLLLLLLLLLLLLLLLLLLLLLLLLLLLLLLLLLLLLLLLLLLLLLLLLLLLLLLLLLLLLLLLLLLLLLLLLLLLLLLLLLLLLLLLLLLLLLLLLLLLLLLLLLLLLLLLLLLLLLLLLLLLLLLLLLLLLLLLLLLLLLLLLLLLLLLLLLLLLLLLLLLL
LLRLLLLLLLLLLLLLLLLLLLLLLLLLLLLLLLLLLLLLLLLLLLLLLLLLLLLLLLLLLLLRLLLLLLLLLLLLLLLLLLLLLLLLLLLLLLLLLLLLLLLLLLLLLLLLLLLLLRLLLLLLLLLLLLLLLLLLLLLLLLLLLLLLLLLLLLLLLLLLLLLLLLLLLLLLLLLLLLLLLLLRLLLLLLLLLLLLLLLLLLLLRRRRRRRRRRRRRRRRRRRRRRRRRRRRRRRRRRRRRRRRRRRRRRRRRRRRRRRRRRRRRRRRRRRRRRRRRRRRRRRRRRRRLRRRRRRRRRRRRRRRRRRRRRRRRRRRRRRRRRRRRRRRRRRRRRRRRRRRRRRRRRRRRRRRRRRRRRRRRRRRRRRRRRRRRRRRRRRRRRRRRRRRRRRRRRRRRRRRRRRLRRRRRRRRRRRRRLRRRRRRRRRRRRRRRRRRRRRRRRRRRRRRRRRLRRRRRRRRRRRRRRRRRRRRRRRRRRRRRRRRRRRRRRRRRRRRRRRL
LRRRRRLLLLRRRRRLLLRRRLRLRRRLLLRRRRLRRRLRRRRRRLRLRLRRRRRLLLLLRLRRRRLRLRRRLRLRLRRRRRRRRRRLRRLRRLRRRRRRLRRLRRLLRRRLRRRLLRLRRRRRLLRRLRRRLRLRRLRRRRRRLLLLLRLLLRLRLLLLLLRRRRLLLRLLLRRLRLRLLLLLLLLLLLLLLLLLLLRRRRRRRRRRRRRRRRRRRRLRRRRRRRRLRRRRRRLLLLLLLLRLLLLLLLLLLLRLLLLLRLLRLLLLLLLLLLLLLLLLRLLLLLLLLLLLLLLLLLLLLLLLLLLLLLLLLLLLLLLLLLLLLLLLLLLLLLLLLLLLLLLLLLLLLLLLLLLLLLLLLLRRRRRRRRRRRRRRRRRRRRRRRRRRRRRRLRRRRRRLLLLLLRLLLLLLLLLLLLLLLLRLLLLLLLRLLLLLLLRRLLLRLLLLLLLLRRLLRRLRLLLRRLLLLLRLLLLLLLLLLLLLLLLLRLLLLLLLLRRL
LLLLLLLLLLLLLLLLLLLLLLLLLLLLLLLLLLLLLLLLLLLLLLLLLLLLLLLLLLLLLLLLLLLLLLLLLLLLLLLLLLLLLLLLLLLLLLLLLLLLLLLLLLLLRRRRRRRRRRRRRRRRRRRRRRRRRRRRRRRRRRRRRRRRRRRRRRRRRRRRRRRRRRRRRRRRRRRRRRRRRRRRRRRRRRRRRRRRRRRRRRRRRRRRRRRRRRRRRRRRRRRRRRRRRRRRRRRRRRRRRRRRRRRRRRRRRRRRRRRRRRRRRRRRRRRRRRRRRRRRRRRRRRRRRRRRRRRRRRRRRRRRRRRRRRRRRRRRRRRRRRRRRRRRRRRRRRRRRRRRRRRRRRRRRRRRRRRRRRRRRRRRRRRRRRRRRRRRRRRRRRRRRRRRRRRRLLLLLLLLLLLLLLLLLLLLLLLLLLLLLLLLLLLLLLLLLLLLLLLLLLLLLLLLLLLLLLLLLLLLLLLLLLLLLLLLLLLLLLLLLLLLLLLLLLLLLLLLLLLL
LLLLLRLLLLLLLLLLRRRRRRRRRRRRRRRLRRRRRRRRLLLLRRRRRRRRLRRLLLRRLLRRLRRRRLRRRRRRLRRRLRRRRRRLRRRLRLRRRRRRRRRRLRLRRRRLRRLRRRRLLRRRRRRRRRRRLRLRRRRLLRRRRRRRRRRRRRRRRRRRRRRRRRRRRRRRRRRRRRRRLLLLLLLLLLLLLLLLLLLLRLLLLLLLLLLLLLLLLLLLLLLRLLLLLLLLLLLLLLLLLLLLLLLLLLLLLLLLLLLLLLLLLLLLLLLRLLLLLLLLLLLLLLLLLRLLLLLRLLLLLLLLLLLLLLLLLLLLLLLLLLLLLLLLLLLLLLLRLLLLLLLLLLLRRRRRRRRRRRRLRRRRRRRRRRRRRRRRRRRLRRRLRRRRRRRRRRRRRRRRRRRRLRRRRRRRRRRLLLLLLLLLLLLLLLLLLLLLLLLLLLLLLLRLLLLLLLLLLRRRRRRRRRRRRRRRRRRRRRRRRRRRRRLRRRRRRRRRRRRL
RRRRLRRRRRRRRRRRRRRRLRRRRRRRRRRRRRRRLRRRRRRRRRRRRRRRRRRRRRRRRRRRRRRRRRRRRRRRRRRRRRRRLRRRRRRRRRRRRRRRRRRRRRRRRRRRRRRRRRRRLRRRRRRRRRLLLLLLLLLLLLLLLLLLLLLLLLLLLLLLLLLLLLLLLLLLLLLLLLLLLLLLLLLLLLLLLLLLLLLLLLLLLLLLLLLLLRLLLLLLLLLLLLLLLLLLLLLLLLLLLLLLLLLLLLLLLLLLLLLLLLLLLLLLLLLLLLLLLLLLLLLLLLLLLLLLLLLLLLLLLLLLLLLLLLLLLLLLLLLLLLLLLLLLLLLLLLLLLLLLLLLLLLLLLLLLLLLLLLLLLLLLLLLLLLLLLLLLLLLLLLLLLLLLLLLLLLLLLLLLLLLLLLLLLLLRLLLLLLLLLLRLLLLLLLLRLLLLLLLLLLLLLLLLLRLLLLLLLLLLLLLLLLLLLLLLLLLLLLLLLLLLLLLLLLLLLLLLLLLL
LLLLLLLLLLLLLLLLLLRLLLLLLLLLLLLLLLLLLLLLLLLLLRRRRRRRRRRRRRLRRRRRRRRRRRRRRRRRRRRRRRRRRRRRRLRRRRRRRRRRRRRRRRRRRRRRRRRRRRRRRRRRRRRRRRRRRRRRRRRRRRRRRRRRRRRRRRRRLRLRRRRRRRRRRRRRRRLRRRRRRRRRRRRRRRRRRRRRRRRRRRRRRRRRRRRRRRRRRRRRRRRRRRRRRRRLLLLLLLLLLLLLLLRLLLLLLLLLLLLLLLLRLLLLLLLRRRRRRRRRRRRLLRRLLRRLLRRLLRRRRLLRLRLRLRLRRRRLLRLRRRLRRLLLRRRRLRLRRLLLLRRRRLLRLLRLRRLRLLLRRLRRLRRLLLLRLLLRRRLRRRRRLLRRLRLRLLLLRLLRRRRRRLRRRLRRRLRRRLRLLRLRLRRRLLLLRRRLRRLLLRRRRLRRRRRLRRLRRLLLRLLRRLLRLRLLRRRLRLLLLLLLLLLLLLLLLRLLRRRL
LLRLLLLLLLLLLLLRRLLLLLLLLLLLLLLLRRRLLRLRRRLLLRRRLLRLLRLLLRRRLRRRLRRLRRRLLLLLRRRLLRRRLRRLRLRRRRRLRRLLRRLLRRRRLRLLRRLLRRRLRRRRLRRRRRRRLLRLLLRRLRRLRRRRLRLLRLRLLLRLRRLLRRRRRLLLRRRRRRLRLLLLLLLRRRRRRLRRLLLLLLLLLLLLLLLLLLLLLLLLLLLLRLLLLLRLLLLLLLRRRRRRRRRRRRRRRRRRLRRRRRRRRRRRRRRRRRRRRLRRRRRRRRRRRRRLRRRRRRRRRRRRRRLLRRRRRRRRRRRRRRRRRRRRLLRRRRRRRRRRRRRRRRRRRRRRRRRLRRRRRLRRRRRRRRRRRLRRRLRRRRRRRRRRRRRRRRRRRRRRRRRRRRRRRRRRRRRRRRLRRRRRRRRRRRLRRRRRRRRRRRRRRRRRRRLRRRRRRRRRRRRRRRRLRLRRRRRRLRRRLRRRRRRRRRRRRRRRRRRL
LLRRRLRRRLRRRRLLRRLRLRRLRRRLLLRLRRRRLLLRRRRRRLLLRLLLLLRRRRRRRRRLLLRLRRRLRRRRLRRRRLLLRRRRRRRRRRLRRRLRRRRRRLRRRRRRRRRLRRRRRRRRRLRRRRRRLRLRRLLRRLRRRRLLRRRLRRRRRRRRLRRRRLRRLRRRRLRRRRLRLRRRLLLRRRRRRRLRRLRRRLRRRLLRRRRRRRRRRRRRRLRRRRRRRRRLRRRRRRRRLRRRRRRLLLRRRRLRRRRRRRRLRLRRRRLLRRRLRRRRRRLRRRRLLRRRRRRRLLRRLRLLRRRRRLRRRRLRRRLRRRRLRRLLRRRLLLRRRLLRRRLRLLLLRRRRRRRLRRRRRLRRRRRRRRRLRRLLLLLRRRRRRRLRRRLLLLRRRRRRLRRRLRRRRRRRRRRRLLRRRLRRRRRRLLRRLLRRRRRRLLRLLRRRRLRRLLLLRLRRRLLRRRLLRRRRRRRLRRRRRRRRRRRRRRRRRRLLLLRL
LLLLLLLLLLLLLLLLLLLLLLLLLLLLLLLLLLLLLLLLLLLLLLLLLLLLLLLLLLLLLLLLLLLLLLLLLLLLLLLLLLLLLLLLLLLLLLLLLLLLLLLLLLLLLLLLLLLLLLLLLLLLLLLLLLLLLLLLLLLLLLLLLLLLLLLLLLLLLLLLLLLLLLRRRRRRRRRRRRRRRRRRRRRRRRRRRRRRRRRRRRRRRRRRRRRRRRRRRRRRRRRRRRRRRRRRRRRRRRRRRRRRRRRRRRRRRRRRRRRRRRRRRRRRRRRRRRRRRRRRRRRRRRRRRRRRRRRRRRRRRRRRRRRRRRRRRRRRRRRRRRRRRRRRRRRRRRLLLLLLLLLLLLLLLLLLLLLLLLLLLLLLLLLLLLLLLLLLLLLLLLLLLLLLLLLLLLLLLLLLLLLLLLLLLLLLLLLLLLLLLLLLLLLLLLLLLLLLLLLLLLLLLLLLLLLLLLLLLLLLLLLLLLLLLLLLLLLLLLLLLLLLLLLLLLLLLLLLLLLL
RRRRRRRRRRRRRRRRRRRLLLLLRRRRRRRRRRRLRRRRRRRRRRRRRRRRRRRRRRRRRRRRLLLLLLLLLLLRRRRRRRRRLLLLRLLLLLLLLLLLLLLRRRRRRRRRRRRLLLLLLLLLLLLLLLLLLLRLLLRRRRRRRRRRRRRRRRRRRRRRRRRRRRRRRRRRRRRRLLLLLLLLLLLLLLLLLRRRRRRRRRRRLRRRRRRRRRRLRRRRRRRRRRRRRRRRRRRRRLRRRRRRRRRRRLRRRLRRRRRRRRRRRRRRRRRRRRRRRRRRRRRRLLRRRRRRRRRRRRRRRRRRRRRRRRRRRRRRRRRLLLRLLLRLRRLLLRLLRRRRRLLLLRRRLLLRRLRLRLRLLRLRLLRRRLLRRLLLLRLLLLLLLLRLLLLLLLLLLRLLLLLLLLLLLLRRLLLLLLLLLLLLLLLLLLLLLLLRRLLLLLLLLLLLLLLLLLLLLLLLRLLLLLLRLLLLLLLRLRLLLLRLLLRLLLLLLLLLLLLL
LLLLLLLRRRRRRRRRRRRRRRRRRRRRRRRLLLLLLLRRRRRRRRRRRRRRRLRRRRRLRRRRRRRLRLLLLLLLLLLLLLLLRLLLLLLLLLLLLLLLLLLLLLLRRRRRRRRRRRLLLLLLLLLLRLLLLLLLLLLLLLLLLLLLLLLLLLLLLLLLLLLLLLLLLLLLLLLLLLLLLLLLLLLLLRRRRRRRLLRRRRRRRRRRRRRRRLLLLLRLLLLLLLLLLRLLLLLLLLLLLLLLLLLLLLLLLLLRRLRLRLRRRRLRRRRRLRRRRRLRLLLLLLRRLLLRLRLRRRLLLLRLLRRRLLRRLLRRRLLRRLLRLLLLLLLLLLLLRRRRRRRRLRRRRRRRRLLLLLLLLLLLLLLLLRLLRRRRRRRRRRRLRRRRRRRRRLLLLLLLLLLLLLLLLLLLLLRRRRLLLLLLLLLLLLLLLLLLLLLLLLLLLRLLLLRRRRRRRRRRRRRRRRRRLLRLLLLLLLLLLLLLLLLLLLLLLLLLLLLL
RRRRRRRRRRRRLRRRRRRRRRRRRRRRRRRLRRRRLRRRRRRRRRRRRRRRRRRRRLRRRRRRRRRRRRRRRRLRRRRRLLLLLLLLRLLLLLRLLLRLLLLLLLLRLLLLLLLLLLLLLLLLLLLLLLLLLLLLLRLLLLLLLLLLLLLLRLLLLLLLLLLRLLLRLRRLLLLLLLLRLLLLLLLLRLLLLLLLLLLLLLLRLLLLLLLLLLLLLLLRRRRRLLRRRRRRRRRRRLLLLLLRLLLLLLLLLLRLLRRRRLLLLLLRLLLLLLRRRRRRRLRLLLLLRLRRLLLRRLLLLRRLRLRRLRRRLLLLLLLLLLLLLRRRRRRRRRRRRRRRRLRRRRRRRLLLLLLLLLLRRLLLLLRRLLLLRLLLRRLLLRRLLLLRLLRLLLLLLLLLLLLRRRLLLLLLLLLLLRLLLLLLLRRLLLLLLRLLRLLLRLLLLLLLLRRLLLLLLRLLLRLLLLLRLLLLLLLRRRRRRRRRRRLRRRRRRLLLLLLL
LLLLLLLLLLLLLLLLLLLLLLLLRLLLLLLLLLLRRLRRRRRRRRRRRRRRLRRRRRRRRRRRRRRRRRRRRRLRRRLRRRRRRRRRRRRRRRRRRRRRRRRRRRRRRRRRRRRRRRRRRRLRRRRRRRRRRLRRRRRRRRLRRRRRRRRRRRRRRRRLRRRRLRLLLLLLLLLLLLLLLLRLLLLLLLRLLLLLLLLRLLRLRLLLLLLLLLRLLLLLRLLLRRLLLRLLLLLLLLLLLLRLLLLLLLLLLLLLRRLLLLLRLLRLLLLRRRRRRRRRRRLRRRRRRRLRRRRRRRRRRRRRRLRRRRRRRRRRRRRRRRRRRRRRRRRLLRRRRRRRLLLLLLLLRLRLLLLLLLLLLLLLLLLLLLLLRLLLLLLLRLLLLLLLLLLLLLLLLRLLLLLLRLLLLLLLLLLLLLLLLLLLRLLLLLLLLLLLLLLLLLLLLRLLLLLLLLLLLLLLLLLLLLLLLLLLLLLLLLLLLLLLLRLLLLRLLLLLLLLL
RRRRRRRRRRRRRRRRRRRRRRRRRRRRRRRLRRRRRRRRRRRRRRRRRRRRRRRRRRRRRRRRRRRRRRRRRRRRRRRRRRRRRRLRRRRRRRRRRRRRRRLRLLLLLLLLLLLLLLLLLLLLLLLLLLLLLRRRRLRRRRLLRRLLLRRRRRRRLLLRLLLLLLLLLLLLRLLLLLLLLRRRRRLLLLRRRRRLLLRRRRLLRRRLRRRRRRLRRLRRLRRRRRRLLLLLLRRRRRRRRRRRRRRRRRRRRRRRRRRRRRLRLLLLLLLLLLLLLLLLLLLLLLLLLLLLLLLRLRRRRRRRRRRRRRRRRRRRRRLRRRRRRLLLLLRRRRLLLLLLLLLLLLLLLLLRLLLLRRRRLLLLRRRLLRLLRLRLLLLLLLLRRRLRRRLLLRRRRRRRRRRRRRRRRLRLRLLLLLLLLLLLLLRLLLLLLLLLLLLRRRRRRRRRRRRRRRRRRRLLLLLLLLLLLLLLLLLRLLRRRRRRRRRRRRRRLLLLRRRL
RRRRRRRRRRRRRRLRRRRRRRRRRRRRLLRRRRRRRRRRRRRRRRLRRLRRLLRLRRLRLLLRRRRRRLRLRRRRRRRLRRRRLRLLRRRLLRRLLLRRLRRLRLLLRRLLRRRLRLRRRRRLRRLLLRRRRRRRRLRRRRLRLRLRRRLLLRRLRRLRRRRRLLRLLRRLRRLLRRLRRRRRLRRLLRRLLRLRRRRRRRLLLLLLLLLLLLLLLLLLLLLLLLLLRRRRRRLLLLLRRRLLLLRRRLLLLLRRRRRLLLRLLRRRLRLLLLRRLRLRRLLRLLLLRRRLRRRLLLLLLLLLLLLLLLLLLLRRRRRRRRRLRRRRRRRLLLRLLRLLLRRLRRRRLLLLRRRLLRRRRRLLRRLLLLLRRRRLRRLRLLLLRRRLLLLRRRRRRRRLLRLLLLLLLLLLRLLLLLLLLLLLLRLRRRRRLRLRLRRRRRRRRRRRRRRRRRRRRRRRRRRRRRRRRRRRRRRRRRRRRLRRRRRRRRRLLLLLLLLL
-1
LLLRLLLLLLLRRLLLLLLLLLLLRLLRRLRRRLLLRRLRLRRLRLLLRRLLLRRRRLRRRRRRRLRRLLRRRRRLRRRRRRRRLRLRRRLLLLLLLRLRLLLLLLRLLLLLLLLLLLLLLLLLLLLLLRRLRRLLRRRRRRRRLRRRRRRRRRRRRRRRRRLRLLLLLRRRRRRRRRRRRRRRRRRRRRRRRRRRRRRRRRRRRRRRRRLRRRRRRRRRRLRRRLRRRRRRRRLRRRRRRLRRRRRRRRRRRRRRRRRRRRRRRRRRRLRRRRRRRRRRRRLRRRRRRRRRRRRRRRRRRLLRLLLLLLLLLLRRRRRRLLLLLLLLLLLLLRLRRLLLLLLLRLRRRRLLRRRRRRRLLLLLRRRRLLRLLLRRRRRRRRLRLLLRLRLLRRLRLRRRRLLRRRRRLLLLLLLRRLRRRRRRLLLLLRLLLRLLRRRRRLLLRRLRLRRRLLRRRRRRRLLLRRRRLRLLRLLLRRLRRRRLLRRRRRRLLRRRRLRL
LLRLLLLLLLLLLLLLLLLLLLLLLLLRLLLLLLLLLLLLLLLLLRLLLLLLLLLLLLLLLLLLLLLLLLLLRLLRLLLRLRLLLLLLLLLLLLLLLLLLLLLRRLLLLLLLLRLLLLRLLLLLLLLLLLLRLLLLLLLLLLRLLLRLRLLLLLRLLLLRLLLRLLRLLRLLLLRLRLLLLLLLLRLRLLLLLLLLLLLLLLLLLLLLLRLLLRLRRLLLRLLLLRRLLLRLLRRLLLLRLLLLLRRLRRRRLLLLRLLRRLLLRRLRRRRRLLRRRRLLRLLLRLLRRRRLLLRRRLLRRLRLRRLLRLLRRLLLLLRRLRRRLLRRRRRLLLRLLLLLLRRRLLRLLLLLLLRRRRRRRRLLLLLLLLLLLLRRRRRRRRLLLLLLLLLRRRRRRRRRRRLRLLRRRLLLLLLLLLLRRLRRRLLLLLLLLLLLLLLLLLLLRLLLLLLLLLLLLLLLLLLLLLLLLLLLLRRRRLRRRRRRRRRRRRRRRRRRRRLL
RRLLLLLRLLLLLLLLLLLLRLLLLLLLLLLRLLLLLLLLLLLLLLLLLLLRLLLLLLLLLLLLLLRRRRRRRRRRRRRRRRRRRRRLRRRRRRRRRRRRRRRRRRRRRRRRRRRRRRRRRRRRRRRRRRRRRRRRRRRLRRRRRRRRRRRRRRRRRRRRRRRRRRRRLRRRRRRRRRRRRRRRRRRRRRRRRRRRRRRRRRRRRRRRRRRRRRRRRRRRRRRRRRRRRRRRRRRRRRRRRRRRLRRRRRRRRRRRRRLLLLLLLLRLRRLRLLLLRLLRLLLLLLLLRLLLRLLLLLLLLLRLLLLLRRLRLLRLLLLLLLLRRLRLLLLRRLLLLLLLLRLLLLLRLRRRRLRLLRRRLLLLLLRRLRLLLLLLLLLLLLLLLLLRLLRRLRLLRLRRRLRRLRRLRLLLRRLRRRLRRRRRLRLLLRRLRRRLRLRLLRLLLRRRRRLLLLRRLLRLRRRLLRLLLLLLLLLLLLLLLLLRLLLLLLLRRLLLLLLL
LLLLLLLLLLLLLLLLLLLLLLLLLLLLLLLLLRRRRRRRRRRRRRRLLLLLLLLRLLLLLLLLLRRRRLRRRRRRRRRRRRRRRRLLLLLLLLLLLLLLLLLLLLLLLLLLLLLLLLLLRLLLLLLLLLLLLLLLLLRLLLLLLLLRLLLLLLLLLRLLLLLLLLLLLLLLLLLLLLLLLLLLLLLLLLLLLLLLLLLLLLLLLLRLRRRRRRRRRRRRRRRRRRRRRRRRRRRRRRRRRRRRRRRRRRRRRRRRRRRRRRRRRRRRRRRRRRRRRRRRLRRRRRRRRRLRRRRRRRRRRRLRRRRRRRRRRRRRRRRRRRRRRRRRRRRRRLRRRRRRRRRRRRRRRRRRRRRRRLRRRRLRRRRRRRRRRRRRRRLLLLLLLLLLLLLLLLLLLLLLLLLLLLLLLLLLLLLLLLLLLLLLLLLLLLLLLLLLLLLLLLLLLLLLLLLLLLLLLLLLLLLLLLLLLLLLLLLLLLLLLLLLLLLLLLLRLLLLLLLL
LRLLLLLLLLLRRRRRRRRRRRRRRRRRRRRRRRLLLLRRRLRRRRRRLRRRRRRRRRRRRLLLLLLLLLRLLLRRRRRRRRRRRRRRRRRRRRRRRRRRRRRRRRRLRRRRRRRRRLRRLRLLRRRRRRRRRRRRRRRRRRRRLRRRRRRRRRRRRRRRRRRRRLLLLLLLLLLLLLLLLLLLLLLLLLLLLRLLLLLLLLLLLLLRLLLLLLLLLLLLLLLLLLRRRRRRRRRRRRRRRRRRRRRRRLRRRRRRRRRRLRRRRRRRLRRLLLLLLLLRLLLRRRRRRRRRRRRLLLRRRRRRRRRRRRRRRRRRRRRLLLLLLRRRRRRRRRRRRRRRRRRRRRRRRRRRRRRRRLRRRRRRLLLLLLLLLLLLRLLLLLRRRRRRRRLLRRRRRRRRRRRRRLRRRRRRRRRRRRRLLLLLLLLLLLLLLLLLLLLLLLLLLLLLLLLRRLLLLLLLLLLLLLLLLLLLLLLLLLLLLLLLLLRRRRRLLLLRRRRL
LLRRRLRLRRRRRRLRLLLLRRRRRLRRRRRRRRLRLLLLLLLLLLLLLLRRRRRRRRRRRRRRRRRRRRRRRRRRRRRRRRRRRRRRRRRRRRRRRRRRRRRRRRRRRRLRRRRRRRRRRRRRRLRRRRRRRRRRRRRRRRRRRRRRRRRRRRRRRRRRRRRRRRRRRRRRRRRLRRLLLLLLLLLRLLLLLRRRRRRLLRLLLLLLLLLLLLLLLLLRRRRLLLLLLLRRRLRRLLLRLLLLLLLLLLLRLLLLLLLLLRRRRRRRRRRRRRRRRRRRRRRRRRRRRRRRRRRRRRRRRRRRRRRRRRRRRRRRRRRRRRRRRRRRRRRRRRRRRRRRRLRLLLLLLLLLLLLLLLLLLLRRRRLRLRLRLRRRRRRRRRRRRLRLRRRRRRRRRRRRRRRLRLRRRLRRRRRRRLLLLLRRRRRRLRRLRRRRRRRRRRRRLRLRRRRRRRRLLRRRRRRRRRRLRRRRRLRRRRRRLRRRRRRRRRRRRRRRRRLL
LLRLLRLRLLRRRRLLRLLLLRRRRLRRRRLRRRRRLRRLRRRLRRLLLLLRLRLRLLRLRRRLRRLLRLRRRRRLLLLRRRRRRRLRLLLLLRRRRLRRLRLRLLRRRRLRRRLLRLLRLRLLLLRRLLLRRLLRLLRRRRRRLLRRRLLRLLLRRLLLLLLRLRRLRRRRLLLLLLLLLLLLLLLLLLLLLRLLLLLLLLLLLLLLLLLLLLLLLLLLLLLLRLLLLLLLLLLLLLLLLLLLLLLLLLRLLLLLLLLLLLLLLLLLLLLLLLLLLLLLLLLLLLLLLLLRLLLLLLLLLLRLLLLLLLLLLLLLLLLLLLLLLLLLLLLLLLLLLLLLLLLLLLLLLLLLLLRLLLLLLRLLLLLLRLLLLLLLLLLLLLLLLLLLLLLLLLLLLLLLLLLLLLLLLLLLLLLLLLLLRRRRRRRRLRRRRRRRRRRRRRRRRRRRRRRRRRRRRRRRRRRRRLRRLRRRRRRRRRRRRRRRRRRRRLRRRLLRRRRL
LLLLLLLLLLLLLLLLLLRLLLLLRRLLLLLLRRRRRRRRRRRRRRRRRRRRRRRRRRLRRRLLRLLLLLLLLLLLLLLLLLLLLLLLLLLLLLRRLLLLLLLLLLLLLLLLLRLLLLLRRRRRRRRRRRRRRRRRRRRRRRRRRRRRRRRLLLLLLLLRLLLLLLLLLLLLLLLLRLLLLLLLLLLLLLLLLLLRRLLLLLLLLLLLLLLLLLLLLLLLLLLLLLLLLLLLLLLLLLLLLLLLLLRRRRRRRRRRLRRRRRRRRRRRRRRRRRRRRRRRRRRRRRRRRRRRRRRRRRRRRLRRRRRRRRRRRRRRRRRRLLLLLLLRLLLLLLLLLLLLLLLLLLLLLLRRRRRRRRRRRRRRRRRRRRRRRRRRRLRRRRLRRRRRRRLRRRRRRRRRRRRRRRRRRRRRLRRRRRRRRRRRRRRRRRRRLRRRRRRRRRRRRRRRRLRRRRRLRRRRRLRRRRRRRRRRRRRLRRLRRRRRRRRRRRRRRRRRRLRL
-1
RRRRRLRRLRRRLRRRRRRRRRRRRRRRRRRRRRRRRRRRRLRRRRRRRRRRRRRRRRRRRRRRRRRRRRRRRRRRRRLRRRRRRRRRRRLLLLLLLLLLLLLLLLLLLLLLLLLLLLLLLLLLLLLLLLLLLLLLLLLLLLLLLLLLLLLLLLLLLLLLLLLLLLLLLLLLLLLLLLLLLLLLLLLLLLLLLLLLLLLLLLLLLLRLLLLLLLLLLLLLLLLLLLLLLLLLLLLLLLLLLLLLLLLLRLLLLLLLLLRLLLLLLLLLLLLLLLLLLLLLLLLLLLLLLLLLLLLLLLLLLLLLLLLLLLLLLLLLLLLLLLLLLLLLLLLLLLLLLLLLLLLLLLLLLLLLLRLLLLLLLLLLLLLLLLLLLLLLLLLLLLLLLLLLLLLLLLLLLLLLLLLLLLLLLLLLLLLLLLLLRLLLLLLLLLLLLLLLLLLLLLLLLLLLLLLLLLLLLLLLLLLLLLLLLLLLLLLLLLLLLLLLLLLLLLLLLLLLLLLL
RRRRRLLRRRLLLRRRLRLLLLRRLRRLLRRRRRRRLLRRLLLLRRLLRRRRRLLRRRLRRRRRRRLLLRLLRRLLLLLRLLLLLRLRRRRRRRRRRRRRLLLLLLLLLLRRRRRRRRLLLLLLLLLLLLLLLLLLRLLLLLRLLRRRLLLLLLLLLLLRLLLLLLLRRRRRRLLLLLLLLLRLRRRLRRLRRLLLLRRRRRLRRRRRLRRRRRRRRRRRRRRRRRRRRLRRRRRLLRRLRRRRRRRRRRRRRRRRRRRRLLRLRRRRRRRRRRLRRRRRRRRRRLRRLRRRRRLLLRRRLLLRRRLLLRRRLLRRRRRRLLRRLLLLLLRLLLRRRLLLLRRRRRRLLRRRRRRLRRRRRRRRRRRLRRRRRRRRRRRRRRRRRRRRRRRRRRRLLLLLLLLLLLLLLLLLLLLLLLLLLLLLLLLLLLLRLLLLLLLLLLLLLLLLLLLLRRRRLLLRRRLLLRLLRRLRRRRRRRLLLRRLLLRLLLLRLRRRLRLL
LLLLLLLLLLLLRLLLLLLLLLLLLLLLLLLLRLLLLLLLLLLLLLLLLLLLLLLLLLLLRRRRRRRRRRRRRRRRRRRRRRRRRRRRRRRRRRRRRLRRRRRRRRRRRRRRRRRRRRRRRRRRRRRRRRRRRRRRRRRRRRRRRRRRRRRRRRRRRRRRRRRRRRRRRRRRRRRRRRRRRRRRRRRRRRRRRRRLRRRRRRRRRRRRRRRRRRRRRRRRRRRRRRRRRRRRRRRRRRRRRRRRRRRRRRRRRRRRRRRRRRRRRRRRRRRRRRRRRRRRRRRRRRRRRRRRRRRRRRRRRRRRRRRRRRRRRRRRRRRRRRRRRRRRRRRRRRRRRRRRRRRRRRRRRRRRRRRRRRRRRRRRRRRRRRRRRRRRRRRRRRRRRRRRRRRRRRRRRRRRRRRRRRRRRRRRRRRRRRRRRRRRRRRRRRRRRRRRRRRRRRRRRRRRRRRRRRRRRRRRRRRRRRRRRRRRRRRRRRRRRRRRRRRRRRRRRRRRRRRL
LLLRRLRRRLRRRRRRRLRRRLRLRRLLLLRRLLRRRRRLLLLRLRRRLRLLRLLLRRRRRRRRLRRRRRRRRRRRRRRRRRRRRRRLRRRRRRRRLRRRRRRRRRRLRRRLRRRRRRRLLLLLLLLLLLLLLLLLLLLLLRRRRRRRRRRRRRRRRRRRRRRRRRRRRRRRRRRRRRRRRRRRRRRRRRRRRRRRRRRRRRRRRRRRRRRRLRRRRLRRRRRRRRRRRRRRRRRRRRRRRRRRRRRRRRRRRRRRRRRRRRRRRRRRRRRRRRRRRRRRRRRRRLRRRRRRRRRRRRRRRRRRRRRRRRRRRRRRRRRLLLLLLLLRRRLLLLLLLLRLLLLLLLLLLLLLLLLLRLRLLLLLLLLLLLLLLLLLLLLLLLLLLLLLLLLLLLLLLLLLLLLLLLLLLLLRLLLLLLRLLLLRLLLLLLLLRLLLLLLLLLLLLLLLLLLLLLLLLLLRRRRRRLRRRRRRRRRRRRRRRRRRRRRRRRRRRRRRRRLL
LRRLRRRRRRRRRRLRRRLRRRLRRRLLRRRRLLRLLLLLLLLLLRLLLRLRLLLLLLRRLLLLLRLLLLLLRRLLLLLLLLLLLLLLLLLLLRLRLLLLLLLLLLRRLLLRLLLRLLLLLLLLLRLRRRLRRRLLLLLLRLLLLLLLLRLLLLLRLLLLLLLLLLLLLLLLLLLRRLLLLLLLRLLLLLLLRLLLRLLLLLRRLLLLRLRRLLLRRLLLLLLRLLLRLLLLLLLLLLLLLRLLLLLLLLLLLRLLLLLLLLLLLLLLRLRLLRLLLRRLLRLLLLLLLRLLLLLLLLRRLLLLLLLLLLLLRRLLLRLLLLLLRLLLLLLRRRRRRRRRRRRRRRRRRRRRRRRRRRRRRRRRRRRRRRRRRRRRRRRRRRRRRRRRRRRRRRRRRRLLRLLLLLLLLLRLRLLRRLLLRLLRRLLRLLLRLLLRLRRLLLRRLLLLLRRRRRRRRRRRRRRRRRRRRRRRRRRRLRRRLRRRRRRRRLRRRRRRRRLL
LLLLLLLRRRRRRRRRRRRRRRRRRRRRRRRRRRRRRRRRRRRRRRRRRRRRRRRRRRRRRRRRRRRRRRRRRRRLRRRRRRRRRRRRRLRRRRRRRRRRRRRRRRLLLLLLLLLLRRRRRRRRRRRRLLLLLLRLLLLLLLLLLLLLLLLLLRLLLLLLLLLLLLLLLLLLLLLLLLLLLLRLLLLLLLLLRLLLLLLLLRLRLLLLLLLRRRLLLLLLRLLRLLLLLLLRLLRRLLLRLLLLRRLLLRRLRLLLRRLLLRRLLLRLLLLLLLLLLRLLLLLLLLLLRLLLLLRLLRRLLLRLLLLLLLRLLRLLRRLLLRLLLRRRRLLLLLRRRLRRRLLLRRRLRRRRRRRRRRRRRRRRRRRRRRRRRRRRRRRRRRRRRRRRRRRRRRRRRRRRRRRRRRRRRRRRRRRRRRRRRRRRRRRRRRRRRRRRRRRRRRRRRRRRRRRRRRRRRRRRRRRRRRRRRRRRRRRRRRRRRLRRRRRLRRRRRRRRLRRL
RRRRRRRRRRRRRRRRRRLRRRRRRRRRRRRRRRRRRRRRRRRRRRRRRRRRRLRRRRRRRRRRRRRRRRRRRRLRRRLLLLLLLLLLLLLLLLLLLLLLLLLLLLLLLLLLLLLLLLLLLLLLLLLLLLLLLLLLLLLLLLLLLLLLLLLRLLLLLLRLLLLLLLLRRRRRRRRRRRLRRRRRRLLLLLLLLLLLLLLLLLLLLLLLLLLLLLLLLLLLLLLLLLLLLLLLLLLLLLLLLLLLLLLLLLLLLLLLLLLLLLLLRLLLLLLLRRRRRRLRLLLLLLLLLLLLLLLLLLLLLLRLLLLLLLRRRRRRRRRLRRRRRRRRRRRRRRRRRRRRRRRRRRRRRRRRRRRRRRRRRRRRRRRRRLRRRRRRRRLLLLLLLLRLRLRRRLLRRRRRLRRLRRRRRRRRRRLLRLLLLLLLLRRLLLLLRLLLLLLLLLLLLLLLLLLLLLLLLLLLLLLRLLLLLLLLLLLLLLLLLLLLRRRLRRRRRRRRRRRL
LLLLLLLLLLLLLLLLLLLLLLLLLLLLLLLLLLLLLLLLLLLLLLLLLLLLLLLLLLLLLLLLLLLRLLLLLLLLLLLLLRRRRRRRRRRRRRRRRRRRRRRRRRRRRRLRRRRRRRRRRRRRLRRRRRRRRRRRRRRRRRRRRRRRRRRRRRRRRRRRRRRRRRRRRRRRRRRRRRRRRRRRRRRRRRRRRRRRRRRRRRRRRRRRRRRRRRRRRRRRRRRRRRRRRRRRRRRRRRRRRLRRRRRRRRRRRRRRRRRRRRRRRRRRRRRRRRRRRRRRRRRRRRRRRRRRRRRRRRRRRRRRRRRRRLRRRRRRRRRRRRRRRRRRRRRRRRRRRRRRRRRRRRRRRRRRRRRRRRRRRRRRRRRRRRRRRRRRRRRRRRRRRRRRRRRRRRRRRRRRRRRRRRRRRRRRRRRRRRRLLLLLLLLRLLLLLLLLLLLLLLLLLLLLLLLLLLLLLLLLLLLLLLLLLLRLLLLLLLLLLLLLLLLLRLLLLLLLLLLL
LLLLLLLLLLLLLLLRLLLRLLLLLLLLLLLRLLLLLLLLLLLLRLLRLLLLLLLLLLLLLLLLLLLLLLLLLLLRLLLLLLRLLLLLLLLLLLLRLLLLLLLLLLLLLLLLLLLLLLLLLLLLLLLLLLLLLLLLRLLLLLLLRRRRRRRRRLRRRRRRRRRRRRRRRRLLLLLLLLLLLLLLLLLLLLLLLLLRLLLLLLLLLLLLLLLLLLLLLLLLLLLLLLLLRRRRLLRRRLLLRRRRRRRLLRRLRRLLLRRRRRRRRLRRRRRRRRRRRLLRRRRRLRRLRRLLLLLRLLRRRRRRRRLRRLRRRRLRRRRRRLRRRRLRRRRRRRRRRRRRRRRLRLRRRRRRRLRRRRRLRRRRRRRRRRRRRRLRRLRRRRRRRRRRRRLRRLRRRRRRLRLRRLRRRLRRRRLRRRRRRLRRRRRRRRRRLRRLRRLRLRRRLRRRRRRRRLRRRRRRRRRRRLRRRRLRRRRRRRLRRRRRRLRRLRRRRRLRRRRL
LLRLLLLLLLLLLLLLLRLLLLLRLLLLLLLLLLLLLLLLLLLLLLLLLRLLLLLLLLLLRLLLLLLLLLLLLRLLLLLLLLLLLLLLLLLRLLLLLLLLLLLLLLLLLLLLRLLLLLLLLLLLLLLLLLRLLLLLLLLRLLLLLLLLLLLLLLLLLLLLLLLLLLLLLLLLLLRRLLLLLLRLLLLLLLLRLLLRLLLLLLRLLLLLLLLLLLLLLLLLLLRLLLLLLLLLLRLLLLLLLLLLLLLRRLLLLRRLLLLLLLLLLLLLLLLLLRLLLLLLLLLLLLLLLLLRLLLLLLLRLLLLLRLLLLLLLRLLLLLLLLLLLRLLLLLLLLLLLLLLLLLLLLLLLLRLLLLLLLRLLLLLLLLLLLRRLLLLLLLLLLLRLLLLLLLLLLLLRLLLLLLLLLLLLRLRLLLLLLLLLLLLLLLLLLLLLLLRLLLLLLLLLLLLRLLLLLLLLLLLLLLLLLLLLLLLLLLLLRLLLLLLRLLLLLLLLLLLLLLL
RRRRRLRRRRRRRRRRRRRRRRRRRRRRRRRRRRRRRRRRRLRRRRLLLLLRRRRRRLRRRRLLRLLLLLLLLLLLLLLRLLLLLRLLLLLLLRLLLLRLLLLLLLLLLLLLLLLLLRLLLRLLRLLRRRLLLRLRLLLLLLLLLLLRRLRRRRRRRRRRRRRRLRLLLLLLLLLLLRRRRRRRRRRRRRRRRRRRRRRRRRRRRRRLLLLLLLLLLLLLLLLLLLLLLLLLLLLLLLRLLLLLLLLLLRRRRRRRRLLLLLLLLLLLLLLLLLLLLLLRRLLLLLLLRLLLLLLLLLLLLLRRRRLLRLLLLLLLLLLLLLLLLLLLLLLLLRRRRRRRRRRRRRRLLLLLRLLLLLLLLLLLLRRLLRRLLRRRRRRLRRRRRRLRLRRLLRRRLRRRRRRRRRRRLLRLLRRLLRLRRRLRRRRRRRLRRRRRLRRRRRRRRRRRLRRRLRRRLLRRRRLRLRRLRRRRRRLLRRRLLLLLLRRRRRLRRRRRRRRL
LLRLLLLLLLLLLLLLLLLLLLLLLLLLLRLLLLLLLLLLLLLLLLLLLLLLLLLLLLLLLLLLRLLLLLLLLLLLLLLRRRRRRLLLLLLLLLLLLLLLLLLLLLLRRRRRLRRRRRRRRRRRLRRRLRRRRRRRRRRRLRLLLLLLLLLLLLLLLLLRLLLLLRLLLLRRRLLLLLLLLLLLLLLLLLLLLLLLLLLLLLLLLLLLLLLLLLLLLLLLLLLLLLLLLLLLLLLLLLLLLLLLLLLLRLLLLLLLLLLLLLRRRRRRRRRRRLRRRRRRRRRRRRRRRRLRLRRRLRRRRRRLRRRRLRRRRRLLLRRLLRRLLRLLLRLLRRRRRRRRRRRRRRRRRRRRRLLLLLLLLLRRLRLLRRLLLLLLLLRRLRRRRRRRRRRRRRRRRRRRRRRRRLRRRRRRRRRRRRRRRRRRRRRRRRRRRRLLLLLLLLLLLLLLLLRRRRRRRRRRRRRRRRRRRRRLLRRRRRRRRRRRRRRRRRRRRRRRRRRL
RRRRRLRRLRRRLLRRRRRRRRRRLLLLLLLLRRLRRRRLLLLRLLLLLLLLLLLLLLLLLRLLLLLLLLLLLLLLRLLLLLLLLLLLLLLLLLLLLLLLLLLLLLLLLLLLLLLLLLLLLLLLLLLLLLLLLLLRLLLLLLLRLLLLLLLLLRRRRRRRRRRRRRRRLRRRRRRRLRRRRRRRRRRRRRRRRRRRRRRRRRRRRRRLRRRRRRLLLRRRRRLRRRRLRRRRRRRRRRRRRRRRRRRRRRRRRRRRRRRRRRRRRRRLRRRRRRRRRRRLLRRRRRRRRRRRRRRRRRRRRRRRRRRRRRRRRRRRRRRRRRRRRRRRRRRRRRRRRRRRLRRRRRRRRRRRLLLLLLLLLLLLLLLLLLLLLLLLLLLLLLLLLLLLLLLLRLLLLLLLRLLLLLLLLLLLLLLRLLLLLLLLLLLLLLLLLLLLLLLLLLLLLLLLLLLLLLLLLLLLLLLLLRRRRRRRRRRRRRRLRRRRRLLLLLLRRRRRLLLL
LLLLLLLLLLLLLLLLLLLLLLLLLLLLLLLLLLLLLLLLLLLLLLLLLLRRRRRRRRRRRRRRRRRRRRRRRRRRRRRRRRRRRRRRRRRRRRRRRRRRRRRRRRRRRRRRRRRRRRRRRRRRRRRRRRRRRRRRRRRRRRRRRRRRRRRRRRRRRRRRRRRRRRRRRRRRRRRRRRRRRRRRRRRRRRRRRRRRRRRRRRRRRRRRRRRRRRRRRRRRRRRRRRRRRRRRRRRRRRRRRRRRRRRRRRRRRRRRRRRRRRRRRRRRRRRRRRRRRRRRRRRRRRRRRRRRRRRRRRRRRRRRRRRRRRRRRRRRRRRRRRRRRRRRRRRRRRRRRRRRRRRRRRRRRRRRRRRRRRRRRRRRRRRRRRRRRRRRRRRRRRRRRRRRRRRRRRRRRRRRRRRRRRRRRRRRRRRRRRRRRRRRRRRRRRRRRRRRRRRRRRRRRRRRRRLLLLLLLLLLLLLLLLLLLLLLLLLLLLLLLLLLLLLLLLLLLLLLLLLL
-1
-1
LLLRRLLLLRLLRLLLRLRRRRLRRLRLRLLLLRRRRLLRRRLLLRLLRRLRRLLLLLRLRLRRLRLLRRLLLLRRLLLLLRLLLRRLRLLLLLLLRRLLLLRRLLLLRRRLLLLRLLLLRLLLLLLRRRRRRRRRRRRRRRRRRRLRRRRRRRRRRRRRRRRRRRRRRRRRRRRRRRRRRRRRRRRRRRRRRRRRRRRRRRRRRRRRRRRRLLLLLLLLLLLLLLLLLLLLLLLLLLLLLRLLLLLLLLLLLLLLLLLLLLLRLLLLLLLLLLLRLLLLLRLLLLLLLLLLLLLLLLLLLLLLLLLLLLLLLLLLLLLLLLLLLLLLLLLLLLLLLLLLLLLLRRRRRRRRRRRRLRRRRRRRRRRRRRRRRRRRRRRRRRRRRRRRRRRRRRRRRRRRLRRLRRRRRRRRRRRRRRRRRRRRRRRRRRRRRRRRRRRRRRRRRRRRRRRRRRRRRRRRRRRRRLRRRRRRRRRRRRRRRRRRRRRRRRRRRLLLRLLL
LRRRRRRRRRRRRRRRRRRLRRRRRRRRRRRRRRRRRRRRLRRRRRRRLRRRRRRRRRRRRLRRRRRRRRRRLLLLLLLLLLLLLLLLLLLLLLLLLLLRRRRLLLLLLLLLLLLLLLLLLLLLRLLLLLLLLLLLLLLLLLLLLLLLLLLLLLLLLLLLLLLLLLLLLRRRRRRRRRLRLLLLLLLLLLLLLLLLLLLLLLLLLLLLLLLLLLLLLLRRRRRRRRRRRRRRLRRLLLLRRRRRRRRRRRRRRRRRRRRRRRRRRRRRRRRRRRRRRRRRRRRRRRRRRRRRRRRRRRLLRRLLLLRRRLLLRLRRLLLLLLLRRRRLRRRRRLLRRRRRRRRRRRRLRRLLRLLLRLLLLLLLLLLLLLLLLLLLLLRLLLLLRLLLLLLLLLRLLLLLLLLLLLLLLLRLLLLLLLLLLLLLRRLLLLLLLLLLLLRRLLLLLLRLLLLLLLLRLLRRRRLLLRLRLRLRLLLRLLLLRRLRLRLLRLLLRLRLLLRL
LLRRRRLLRLLLLLLLLLLLLLLLLLRLLLLLLLLRLLLLLLLLLLLLLLLLLLLLRLLLLLLLLLLLLLLLLLLLLLRLLLLLLLLLLLLLLLLLLLLLLLLLLLLLLLLLLLLLLLLLLLLLLLLLRRRRRRRRRRRRRRRRRRRRRRRRRRRRRRRRRRRRRRLLRRRLLLLLLRLLLRLLRRLRRRRRRRLRRLLLRRRLRRRRLRLRRRLLRRRRLLRRRRRRLRLLLRRLRRRRRRRRRRLRRRRRLRRRLLLRLRLLRRLRRRRRRRRRLLRRRLLLRRRRRLLLLLRLRRLLRRRRRRRRRRRRRLLRLRRRRRRLRLRRLLLLRRRRRRRRLRLLRRRRRLRRRRRLRRRRRRRRRRRRRRLLRRRRRRRLRRRRRRRLLRLRRRRRRRLRRRRLRRRLRRRRRRRRRRRLRRLRRRRRRRRRLRRRRRRRRRLLRRRRRRRRLLLLLRLLLLLLLRLLLLLLRRLRRLRRRRRRRRRRRRRRRRRRRRRL
LLLLLLLLLLLLLLLLLLLLLLLLLRLLLLLLLLLLLLLLLLLRRLRRRRRRRRRRRRRRRRRLRRRRRRLLLLLLLLLLLLLLLLLLLLLLLLLLLLLLLLLLLLLLLLLLLLRLLLLLLLLLLLLLLLLLLLLLLLLLLLLLLLLLLLLLLLLLLLLLLLLLLRLLLLLLLLLLLLLLLLLLLLLLLLLLLLLLLLLLLLLLLLLLLLLLLLLLLLLLLLLLLLLLLLLLLLLLLLLLLLLLRLLLLLLLLLLLLLLLRRRRRLRRRRRRRRRRRRRRLLRRRRRRRRRRRRRRRRRRRRRLRRRRRRLLLLLLLLLLLLLLLLLLLLLLLLLLLLLLLLLLLLLLLLLLLLLLLLLLLLLLLLLLLLLLLLLLLLLLLLLLLLLLLLLLLLLLLLLLLLLLLLLLLLLLLLLLLLLLLLLLLLLLLLLLLLLLLLLLLLLLLLLLLLLLLLLLLLLLLLLRLLLLLLLRLLLLLLLLLLLLLLLLLLLLLLLLLLLL
LLLLLLLLLLLLLLLLLLRRRRRRRRRRLLLLRLLLLLLLLLLLLLLLLLLLLLLLLLLLRRRRRRRRRRRRRRRRRRRRRRRRRRRRRRRRLLLLLLLLLLLLLLLLLLLLLLLLLLLLLLLLLLLLLLRRRRRRRRRRRRRRRRRRRRRLLLLLLLLLLLLLLLLLLLLLRRRRRLRLLLLLLLLLLLLLLRRRLLRLRLLRRRLLRRRLLRRLLLLLRRLRRLRLRLLRRLRLLLLRLRLLRLLLLLLLLLLLLLLLLLLLLLLLLLLLLLLLLLLLLLLLRRRRRRRRRRRRRLRRRRLRRRRRRRRRRRRRRRRRRRRRRRRLRRRRRRRRLLRLLLLLLLLLLLLLLLLLLLLLLLLLLLLLLRLLLLLLLLLLLLLLLLLLLRRLRLLRLLLLLRLLLRRRRRRRRRRRRRRRRRRRRRRRRRRRRRRRRRRRRRRRRRLRRRRRRLRRLLLLLLLLLLLLLLLRRRRRRRRRRRLLLLLLLLLLRRRRRRRL
LLLLLLLLLLLLLLLLRRRRRRRRRRRRRRRRRRRRRRRRRRRRRRRRRRRRRRRRRRRRRRRRRRRRRRRRRRRRRRRRRRRRRRRRRRRRRRRRRRRRRRRRRRRRRRRRRRRRRRRRRRRRRRRRRRRRRRRRRRRRRRRRRRRRRRRRRRRRRRRRRRRRRRRRRRRRRRRRRRRRRRRRRRRRRRRRRRRRRRRRRRRRRRRRRRRRRRRRRRRRRRRRRRRRRRRRRRRRRRRRRRRRRRRRRRRRRRRRRRRRRRRRRRRRRRRRRRRRRRRRRRRRRRRRRRRRRRRRRRRRRRRRRRRRRRRRRRRRRRRRRRRRRRRRRRRRRRRRRRRRRRRRRRRRRRRRRRRRRRRRRRRRRRRRRRRRRRRRRRRRRRRRRRRRRRRRRRRRRRRRRRRRRRRRRRRRRRRRRRRRRRRRRRRRRRRRRRRRRRRRRRRRRRRRRRRRRRRRRRRRRRRRRRRRRRRRRRRRRRRRRRRRLLLLLLLLLLLLLLLL
LLLRLRRRRRLRRRRLRRRLRRLRRRRRRRRRRRRRRLLLRRRRRRLRRRRRRRRRLRRLLLRRLLLRRRRRLRRRRLRRLLRLRLLRRRRLRRRRRRRRRRLLRRLLRRRRRRRRLRLRRLLLLLLRLLLLLLRRRRRRRRRRRRRRRRRRRRRRRRRRLRRRRRRRRRRRRRRRRRRRRLRLLRLLRRLRRRRRRLLLLLLLLLLLLLLRLLLLLLLLLLLLLLLLLLLLLLLLLLLLLLLLLLLLLLLLLLLLLLLLLLRLLLLLLLLLLLRRRRRRRRRRRRRRRRRRRRRRRRRRRRRRRRRRRRRLRRRRRRRRRRLRRLRRRRRRRRRRLLLLLLLLLLLLLLLLLLLLLLLLLLLRRLRRRRLLLRLRRLLLRRRRRLLRLLRLRRRRLLLLLRRLRRLLRRRRLRLLRRRLLLRRLLLRRLRRRLLLLRLRLLRLLRRRLLLLLLLLRRLLRRLLRRLLLLRLLLLLLRRRRRLRLLRLLLLRLLLLLLLL
LLLLLLLLLLLLLLLLLLLLLLLLLLLLLLLLLLLLLLLLLLLLLLLLLLLLLLLLLLLLLLLLLLLLLLLLLLLLLLLLLLLLLLLLLLLLLLLLLRLLLLLLLLLLLLLLLLLLLLLLLLLLLLLLLLLLLLLLLLLLLLLLLLLLLLLLLLLLLLLLLLLLLLLLLLLLLLLLLLLLLLLLLLLLLLLLLLLRLLLLLRRRRRRRRLRRRRRRRRRRRRRRRRRRRRRRRRRRLRRRRRRLLLLLLLRRRRRRLLLLLLRLLLLLLLLLLLLLLLLLLLLLLLLLLLLLLLLLLLLLLLLLLLLLLLLLLLLLLLLLLLLLRLLRLLLLLLLLLLLLLLRLLLLLLLLLLLLLLLLLLLLLLLLLLLLLLLLLLLRLLLLLLLRLLLLLLRLLRLRRRLLLLLLLLRLRLLLLLLLLRLLLLRRRRLLLLLLLRLLLLRLLLLLLRLRRRRRLLLRLLLLLLLRLLLRLLRLLLLLRLLRLLRLLLLLLRLLRRLLL
LLLLLLLLLLLLLLLLLLRLRLLLLLLLLLRLLLLLLRLLLLLLLLLLLLLLLLLLLLRLLRRRRRRRLRRRRRRRRRRRRRRRRRRRRRRRRRRRRRRRRRRRRRRRRRRRRRLRRRRRRRRRRRRRRRRRRRRLRRRRRLRRRRRRRRRRRRRRRRRRRRRRRRRRRRRRRLRRRRRRRRRRRRRRRRRRRRRRRRRRRRRRRRRRRRRRRRRRRRRRRRRRRRRRRRLRRRRRRRRLLLRRRRRRRRRRRRRRRRRRRRLLRRRLLRRRRRLRRRRRRRRRRRRRRRRRRLRRRRRRRRRRRRLRRRRLRRRLLRRLLRLRRRLLRLRLLLRLRRRRRRLLLRLLLLRLLLLLRRLLLLLLLLLRLLRLLLLLLLRLLLLLLLLRRRLRLRRRLRRRRRLRRRRRRRRLRRRRRRRLRRRRRLRRRRRRRRLRRRRRRRRLRRRRRRRRRLRRRRRRRRRRRRRRRRRRRRRRLLLLLLLLLLLLLLLRLLLLLLLL
LLLLLLLLLLLLLLRLLLLLLLLLLLLLLRLLLLLLLLLLLLLLLLLLLLLLLLLLLLLLLLLLLLLLLLLLLLLLLLLLLLLLLLLLLLLLLLLLLLLLLLLLLLLLLLLLLLLLLLLLLLLLLLLLLLLLLLRLLLLLLLLLLRRRRRRRRRRRRRRRRRRRRRRRRRRRRRRRRRRRRRRRRRRRRRRRRRRRRRRRRRRRRRRRRRRRRRRRRRRRRRRRRRRRRRRRRRRRRRRRRRRRRRRLLRRRRRRRRRRRRRRRRRRRRRRRRRRRRRRRRRRRRRRRRRRRRRRRRRRRRRRRRRRRRRRRRRRRRRRRRRRRRRRRRRRRRRRRRRRRRRRRRRRRRRRRRRRRRRRRRRRRRRRRRRRRRRRRRRRRRRRRRRRRRRRRRRRRRRRRRRRRRRRRRRRRRLRRRRRRRRRRRRRRRRRRRRRRRRRRRRRRRRRRRRRRRRRRRRRRRRRRRRRRRRRRRRRRRRRRRRRRRRRRRRRRRRRRRRRL
RRLRRRRRRRRRRRRRRRRRLRRRRRRRRRRRRRRRRRRRRRRRRRRRRRRRRRRRRRRRRRRRRRRRRRLRRRRRRRRRRRRLRLRRRRRRRRRRRRRRRRRRRRRRRRRRRRRRRRRRRRRRRRRLRRRLRRRRRRRRLRRRRRRRRRRRRRRRRRRRRRRRRRRRRRRRRRRRRRRRRRRRRRRRRRRRRRRRRRRRRRRRRRRRRRRRRRLLLLLLLLRLLLLLLLLLLLLLLRLLLLLLLLLLLLLLLLLLLLLLLLLLLLLLLLLLLLLLLLLLLLLLLLLLLLLLLLLLLLLLLLLLLLLLLLLLLLLLLLLLLRLRLLLLLLLLLLLLLLLLLLLLLLLLLLLLLLLLLLLLLLLLLLLLLLLLLLLLLLLLLRLLLLLRLLLLLLLLLLLLLLLLLLLLLLLLLLLLLLLLLLLLLLLLLLLLLLLLLLLLLLLLLLLLLLLLLLLLLLLLLLLLLLLLLLLLLLLLLLLLLLLLLLLLLLRLLLLRLLLL
LLLLLLLRLLRLRRLLLLLRRLLLRLLRRRLLLRLLLLRLLLLRLRLLLRRLLLRRLLLLLLLLRLLRLLRRLLRLLRLLLRLLLRRLLLRLLLLLLRRLRLLLLLRRRLRRLLLLLRLLRLLLLLLRRLLLRRLLLRLLLLRRLRLLLLLLLLLLRRLRRRLLRRLLLLRRRLRLRRLLLRLLLLRLLRRRLLLRLRRLRLLRLRLLLLRLLLRLLLLLRRLLLLRRRRLLLLRLLLLLLLLRLRLLRLRRRLLLLLLLRLLLLLRLRLLLRRLLLLLRLLRLRRLLLLRRLRRLLLRRLLRLLLRLLLLRRRRLLLLLLRRRLLRRLLRLRRRRLLLLLRRRLLLRLLLLRRRLLLRLLLLRRRRLRLLLRLLLRLLLRRRLLRLRRLRRRRLLLLLLLLRLLLRLLLLLLLLRLLLLRRRLLLLLLLRRRLLLLLRRLLRRRRLLLLLRRRRLLLRRLLRRLLLLLLLLRLLLRRRRLRRRLLLLRRLLLLLRRLLL
LRLRRLLLLLRLLRRLLLRLRRLLLRLLLLLRLRLLRLRLRLLLRLRRRRLRLLLRRRRRLLLLLRRRRRLLRLRRRLLLLLRLLLRLLRLLRLLLLLRLRLLLRRLLLLLLRRRRRLRRLLRRRRLRRRRRLRRRLRRRRRRRRRLRRRLRRRRRRLRLRRRRRRRLLLRRRRRRRLRLLRRLRRRLLRRRRRRRRRRRRRRRRLRRLRRLLLRRRRRRRRRRLRRRRRRRRRLRLRRLRRLRLRRRRRRRRLLRRRRRRRRRRRRRLRRRRRRRRRRRRLRLRLRRRRRLLLRRRRRRRRRRRRLRRRRRRRLRLLRRRRRRRLRRLLRRRRRRRRRRLLRRLRRRRLLLRRRRRRRRRRRLLRRRRRRLRLLRLRLRRRRRLRLRRRLLLRRRRRRRRRLLRLLLRLLRRRLLRRRLLRLLLRRRRRRRRRLRRLRRRRLLLLLRRRRRRLLLRLRRRRRRRRRLLRRRRLLRRRRLRRLRRRRRRRLRRRRRRLLL
RRRLRRRRRRRRRRRRRRRRRRRRLLLLLLLLLLLLLLLLLLLLLLLLLLLLLLLLLRLLLLLLLLLLRLLRLLLLLLLLLLLLRRRRRRRRRRLRRRRRRRRRRRRRRRRRLLLLLLLLLLLLLLLLLLLLLLLRRRRRRRRRLLRLLLLLLRLLLLLLLLRLLLLLLLLLLLLLLRRRRRRRRRRRRRLRRRRLRRRRRRRRRRRRRRRRRRRRRRRRRRRRRRRRRRLRRRRRRLRLRLLRRRRRRRRRRRRRRRRRRRRRRRRRLLLRRRRRRRRRRRRRRRRRRRRRRRRRRRRRRRRRRRRRRRRRRRRRRRRRRRRRRRRRRRRRRRRRRRRRRRRRRRRRRRRRRRRRRRRRRRRRRRRRLLLLLLLLLLLLLLLLLLLLLRLRRRRRRRRRRRRRRRRRRRRRRRRRRRRRRLLLLLLLLLLLLLLLLLLLLLLRRRRLLLLLLRLLRLLLLLLLLLLRLLLRLLLLLLRRRRRRRRLLLLLLLLLLLLLL
RRRRRRRRRRRRRRRRRRRRRRRRRRRRRRRRRRRRRRRRRRRRRRRRRRRRRRRRRRRRRRRRRRRLRRRRRRRRRRRRRRRRRRRRRLRRRRRRRRRRRRRRRLRRRRRRRRRRRRRRRRRRRRRRRRRRRRRRRRRRRRRRRRLRRRRRRRRRLRLLLLLLLLLLLLLLLLLLRLLLLLLLLLLLLLLLLLLLLLLLLLLLRLLLLLLLLLLLLLLLLLLLLLLLLLLLLLLLLLLLLLLLLLLLLLLLLLLLLLLLLLLLLLLLLLLLLLLLLLLLLLLLLLLLLLLLLLLLLLLLLLLLLLLLLLLLLLLLLLLLLLLLLLLLLLLLLLLLLLLLLLLLLLLLLLLLLLLLLLLLLLLLLLLLLLLLLLLLLLLLLLLLLLLLLLLLLLLLLLLLLLLLLLLLLLLLLLLLLLLLLLLLLLLLLLLLLLLLLLLLLLLLLLLLLLLLLLLLLLLLLLLLLLRRLLLLLLLRLLLLLLLLLLLLLLLLLLLLLLLL
-1
LLLLLLLLLLLLLLLLLLLLLLLLLLLLLRLLLLLLLLLLLLLLLLLLLLLLLLLLLLLLLRLLRLRRRRRRRRRRRLRRRRRRRRRRRRRRRRRRRRRRRRRRRRRRRRLRRRRRRRRRRRRRRRRRRRRRRRRRRRRRRRRRRRRRRRRRRRRRRRRRRRRRRRRRRRRRRLLLLLLLLLLLLLLLLLLLLLLLLRLLLLRLLLLLLLLLLLLLLLLLLLLLLLLLLLLLLLLRLRRRRRRRRRRRRRRRRRRRRLLRRRRRRRLLRRRLRRRRLRRLLRLLLRRRRRRRLRLLLLLLLLLLLLLLLLLLLLRRRRRRRRRRRRRRRLLLLLLLLLLLLLLLLLLLLLLLLLLLLLLLLLLLLLLLLLLLLLLLLLLLLLLLLLLLLRRRRRLRRRRRRRRRRLRRRRRRRRRRRRRRLRRRRRLLLLLLLLLLLLLLLLLLLLLLLRLLLLLLLLLLLLLLLLLLRRRRLLRRRRRRRRRLLLLLLLLLLLLLLLLL
LLLLLLLLLLLLLLLLLLLLLLLLLLLLLLLLLLLLLLLLLLLLLLLLLLLLLLLLLLLLLLLLLLLLLLLLLLLLLLLLLLLLLLLLLLLLLLLLLLLLLLLLLLLLLLLLLLLLLLLLLLLLLLLLLLLLLLLLLLLLLLLLLLLLLLLLLLLLLLLLLLLLLLLLLLLLLLLLLLLLLLLLLLLLLLLLLLLLLLLLLLLLLLLLLLLLLLLLLLLLLLLLLLLLLLLLLLLLLLLLLLRRRRRRRRRRRRRRRRLLLLLLLLLLLLLLLLLLLLLLLLLLLLLLLLLLLLLLLLLLLLLLLLLLLLLLLLLLLLLLLLLLLLLLLLLLLLLLLLLLLLLLLLLLLLLLLLLLLLLLLLLLLLLLLLLLLLLLLLLLLLLLLLLLLLLLLLLLLLLLLLLLLLLLLLLLLLLLLLLLLLLLLLLLLLLLLLLLLLLLLLLLLLLLLLLLLLLLLLLLLLLLLLLLLLLLLLLLLLLLLLLLLLLLLLLLLLLLLLLL
LLRRRRRRRRRLRRRRLLLRRRRRRRRRLRRRRRRRRRRRRRRRRRRRRRLLLRRLRRLLRRRLRRRRRRLRLLRRLRRRRLRRRRRRRRRRRLRLRRRRRRRRLRLLRRRRRRRRRLLLRRRRRRRRRRRRLRRRRRRRRRRRRRRRLRRLLRRRRRRRRRRRRRRLRRRRRRRRLRRRRRRRLLRRRRLRRRRLRRLLLRRRRLRRRRRRRRRRLRRRRRRRRRRRRRRLRRRRRRRRRRRRRRRRLRRRRRRRRRRRRRLLRRRRRRRRRRRRLRRRRRRRRRRRLRLLRRLLRRRLRRRRRRLRRRRRRRLRRRRRLRRRRRLLRRLRRRRLRRRRRRRLRRLLRRRRRRRLRRRRLLRRRRRRRLRLLRRRRRRRRRRRRRRRRRRRLLLRRRRRRRRRRRRRRRRRRRRRRLRRRRRRRRLRRRRRRRRRRRRRRRRRRRRRRRRRRRRRLRLRLRLRRRRRRRRRRRRRRRRRRLLRRRLRRRRRRRRRRRLL
LRRRLRRLRRLLRRRRRLLRRRRLRRRRRRLRRRRRRRRRRLLLRLRRRLRLRRLLRRRRRRLLLRRLLRRRRLRRLRRRRRRRLRRRLRRRRRLRLRRRRLRRRRRRRRRRLLRRRRRLRRRRRRRRLRRRLRRRRLRRLLRRRLRRRRLRLRRRRRRLRRRLRRLLRLRRRLRRRLLLLRRRRRLRLRRRRRRLLRLLRRRRRLRRLLRRRLRRLRRLLRLRRRRLRRLRRLRRRRRRRRRRLLLRRRRRRLLRRRLRLRRLRLRRRRRRRRRLRLLRRRRRRRRRRRLRRRLLLRRRLRRRRRRLRRRRRRRLRRLRRRRRRRRRRRRRRRRRLLLRRRLRRLRRRRRRRRRRLLRRRLRRRRRLLRLRRRLLRLLRRRRRLRLLLRRLRLRRRLRRRRRLLRRRRRRLLLRRRRRRRRLRRRRRRLRLRRLLRRRRRRRLLRRLLLRRRLRRRLRRRLRRRRRRLRRRRRRLRRRRRLRRRRRRRRRRRRRRRRLL
RRRRRLLRRLLRLLLLRRLLRLRLRRRRLRRRLRLLLRRLRLRRRRLRRRLLLLLLLRRRLRRRLRRLLLLRLRLLLRRLLLLLRLRLLLLLLRRRRRLLRLRLLRRRRRLRLRLRLLRLRRLLRRLRLLRRLLLLLRLRRRLLLLLLRRRRRRLLLLLLLRRLLLRRLRRRLRLLLLLLRLLLLLLLLRLLRRLRRLLLLLRRRRLLLLLLRRRRRRRRLLRLLRLLLLRLLLLRRRRLLRLLLLLLLLRRLRRLLRRLLLLLLRLLLLLLLLLRLLLLLRRLRLRRLLLLLRRLLLRLLRLLLRRRLLLRLLRLLLRRLLLLRRRRRRRRRRRRRRLLRRRRRRRRRRRLRRRRRRRRRRRRRRRRRLRRRRRRRRRRRRRRRRRRRRRRRRRRRRRRRRRRRRRLLRRRRRRRRRRRRRLRRRRRRRRRRRRRRRRLLLLLLLLLLLLLLLLLLLLLLLLLLLLRRRRRRRRRRRRRRRRRRRRRRRRRRRRRRRRL
RRRRRRRRLRRRLLLLLLLLLLLLLLLLLLLLLLRRLLRRLLLLLLLLLRRRRRRRRRRRRRRRRRRRRRRRRRRRLLLLLLLLLLLLRRRRRRRRRRRRRRRRLRRLLLLLLLLLLLLLLLLLLLLLLLLLLRLLLLLLLLLLLLLLLLLLLLLLLLLLLLLLLLLLLLLLLLLLLRLLLLLLLLLLLLLLLLLLLLLLLLLLLLLLLLLLLLLLLLLLLLRLLRLRLLRRRRRRLLRLLLLLLLRLLLLLLLLLLLLLLLLLLLLLLLLLLLLLLLLLLLLLLLLLLLLLLLLLLLLLLLLLLLLLLLLLLLLRRRRRRLLLLLLLLLLLLLLLLLLLLLLLLLLLLLLLLLLLLLLLLLLLLLLLLLLLLLLLLLLLLLLLLLLLLLLLLLLLLLLLLLLLLLLLLLLLLLLLLLLLLLLLLLLLLLLLLLLLLLLLLRRRRRRRRRRRRRRRRLRRRRRRRRLLRLRRLLLLRLLLLLLLLLLLLLRLLLLRRLLL
RRRLRRRRRRRRRRRRRRRRRRRRRRRRRRRRRRRRRRRRRRRRLRRRLRRRLLLLLLLLLLLLLLLLLLLLLLLLLLLLLLLLLLLRLLLLLLLLLLLLLLLLLLLLLLLLLLLLLLLLLLLLLLLLLLLLLLLLLLLLLLLLLLLLLLLLLLLLLLRLLLLLLLLLLLLLLLLLLLLLLLLLLLLLLLLLLLLLLLLLLLLLLLLLLLLLLLLLLLLLLLLLLLLLLLLLLLLLLLLLLLLLLLLLLLLLLLLLLLLLLLLLLLLLLLLLLLLRLLLLLLLLLLLLLLLLLLLLLLLLLLLLLLLLLRLLLLLLLLLLLLLLLRRRRRRRRRRRLRRRRRRLRRRRRRRRRRRRRRRRLRRLLLLLLLLLLLLLLLLLLLLLLLLLLLLLLLLLLLLLLLLLLLLLLLLLLLLLLLLLLLLLLLLLLLLLLLLLLLLRLLLLLLLLLLLLLLLLLLLLLLLLLLLLLLLLLLLLLLLLLLLLRLLLLLLLLLLLLLLL
-1
RRRRRLRRRLRLLRRRLRLLLLLLRLRRRLRRRRLLRLLRRRRRLRRRLLRLLLLRRLLLLRLLLLRRRRRRRRRRRRRRRLRRRRRRRRRRRRRRRRRRRLLLLLRRRRRRRRRRRRRRRRRRRLRRRRRRRRRLLLLLRLLLLLLLLLLLLLLRRRRRRRRRRRRRRRRRRRRRRRRRRRRRRRRRRRLRRRRRRLRLLLLRRRRRRLRRRRRLRRLRRLRRRLRLRRRRRRLLLLLLLLRRRRRRRRRRRRRRRRRRRRRLLLLLLLLLLLLLLLLLLLLLLLLLLLLLRLRRRRRRRRRRRRRRRRRRRRLLRRLLLRRLLLRLLRRRLRLLRRLLLLLLLRRRLRRRLLRRRRRRLRLRRRRRRLRRRRRRRRLLRRRRRRLRLRRRRRLRRLRRRRRRRRLLRRRRRRRRRLRRRRRRRLLRRRRLLLRRRRRLLRRRRRRRRRLLLRLRRLLLLLLLLLLLLLLLLLLLLLLLLLLLLRLLRRLLLLLLLLLL
LLRLLRLLLRRRRRLLLLLRRLRLRLLLLLRRRLRLLRRLLLLLLRRRLRRLLLLRLLLRLLRRRLLRRLLLLRLRLLLLLRLLLLLRLLRRLLRLLLLLLLLLLLLRLLLLLLLLLLLLLLLLLLLLLLLLLLLLLRLLLLLLLLLLLLLLLLLLLLLLLLLLLLLLLLLLRLLLLLRLLLLRLLLLLLLLLRLLLLLLRLLLLLLLLLLLLLLLLLLLLLRRRRRRRRRRRRRRRRRRRRRRRRRRRRRRRRLRRRRRRRRRLRRRRRRRRRRRRRRRRRRRRRRRRRRRRRRRRRRRRRRLRRRRRRRRRRRRRRRRRRRRRRRRRRLRRRRRRRRRRRRRRRRRRRRRRRRLRRRRRRRRRRLRRRRRRRRRRRLRRRRRRRRRRRRRRRRRRRRRRRRRRRRRRRRRRRRRRRRRRRRRRRRRRRRRRRRRRRRRRRLRRRRRRRRRRRRRRRRRRRRRRRRRRRLRRRRRRRRRLRRRRRRRRRRRRRRRRRRL
LLLLLLLLLLRRRRRRRRRRRRRRRLRRRRRRRRRRRRRRRRLRRRRRRRRRRRRRRRRLLLLLLLLLLLLLLLLLLLLLLRRRLRRRLLLLLLLLLLRRRRRRRLRLRRRRRRRLRRRRRRRRLLLLLLLLLLLLLLLLLLRLLLLLLLLLLLLLLRLLRLLRLLLLLRRRRRRRRRRRRRRRRRRRRRRRRRRRRRRRRRRRRRRRRRRRRRRRRRRRRRRRRRRRRRRRRRRRRRRRRRRRRRRRRRRLLRRRRRRRRRRLRRRRRRRRRRRRRRRRRRLLLLLLLLLLLLLLLRLLLRLLLLRRLRLLRLRLLLRLLLRLLLLLLLLRRRLLLRRRLRRLLRRLRRLRRLRRRRLLRRRLRRLRRRLLLRLRRRRLLLRLRRRRLLRLLLRRLLRRLRLLRRRLLLRLLLLRRLRLLLLLRLLLLLRRRLRRLLRLLLRRLLRLLLLLLLRLLRRLLLLLLLLLLRLRLRLLRLLLLLLLLLLLLRLLLLLRRRRL
RRRRRRLLLLLLLLLLLLLLLLLLLLLLLLLLLLLLLLLLLLLLLLLLLLLLLLLLLLLLLLLLLLLLLLLLLLLLLLLLLLLLLLLLLLLLLLLLLLLLLLLLLLLLLLLLLLLLLLLLLLLLLLLLLLLLLLLLLLLLLLLLRRRRLRRRRLLLLLLLLLLLLLLLLLLLLLLLLLLLLLLLLLLLLLLLLLLLLLLLLLLLLLLLLRLLLLLLLLLLLLLLLLLLLLLLLLLLLLLLLLLLLRRRRRRLLRRLRLLLLLRRRRRLRRLRRRRRRRLLLLLRLRLLLLLRLRRRRLLLLRRRLRLLRRRLRRRLRRRRRRRRRRRRLRRRRRRRRRLRLRRLRRRRRRRRRRRRLRRRRRRLRRRRLRRRRRRRLRRRRRLRRLLLLLRRRRRRRRRRRRRLRRRRLLRRRRRRRLRRLRLRRRRLRRRLRRRRRRRRRRRRRRRRRRRLLLLLLLLLLLLRLLLLRLLLLLLLLLLLLRRRRRRRRRRRRRRRRRRL
RRRLRRRRRRRRRRRRRRRRRRRRRRRRRLRRRRRRLRRRRLRRRRRRLRRRRLRLLLLLRRRRRRRRRRRLLLLLLRRRRLLLLLLLLLLLLLRRRRRRRRRRLLLLLLLRRRRRRRRRRRRRRRRRLLLLLLLLLLLLRRRRRRRRLRRRRRRRRRRRRRRRRRRRRRRRRRRRRRRRRRRRRRRRRRRRLLLRLLLLLLRLLLLLLLLRRLLRRLLLRLLLLLLLRLLLLLLRLLLLRLLLLLLLLLLLLLLLLLLLLLLRRLLLLLLLRRLLLLRRLLLLLLLLRLLLRLRLRRLLLLRLLRLLLLLLLLRLLLLLRLLLRLLRRLLRLLRLLLLLRRLLLLLLLRLLLLLLLLLRLLLRLLLLLLLLLLLLLLLRRRRRRRLRRRRRRRRRRRRRRLRRRRRRRRRLLLLLLLLLLLLRLLLLLLLLLLLLLLLRLLLLLLLLLLLLLLLLRLLLLLLLLLLLLLRRRLLLLLLLLLLLLLLLLLLLLLLLLLLL
LLLLLLLLLLLLLLLLLLLLLLLLLLLLLLLLLLLLLLLLRRLLLLLLLLLLLLLLLLLLLLLLLLLLLLLLLLLLLLLLLLLLLLLLLLLLLLLRRLRRRRRRRRRRRRRRRRRRRLRRRRRRRLRRRRRRRRRRRRRRRRRRRRRRRRRRRRLRRRRRLRRRRRRRRRLLLLLLLRLLLLLLLLLLLLLLLLRLRLLLLLLLLLLLLLLRLLLLLLLLLLLLLLRLRLLLLLLLLLLLLLLLLLLLLLLLLLLLLRLLLLLLLLLLLLLLLLLRLLLLLLRLLLLLLLLLLLLLLLLLLRLLLLLLLLLLLRLLLLLLLLLLLLLLLLLLLLLLLLLLLLLLLLLLLLLLLLLLLLLLLLLLLLLLLLLLLLRRLLLRLLLLLLLLLLLLLLLLLLLLLLLLLLLLLLRLLLLLLLLLLLLLLLLLLLLLLLLLLLLRLLLLLLLLLLLLLLLLLLLRLLLLLLLLLLLLLLLLLRLRLLRRLRRLRRRRRRRRRRRL
LLLLLLLLLLLLLLLLLLLLLLLLRLLLLLLLLLLRLRLLLLLLLLLLLLLLLLLLLLRRRRRLRRRLLLLLRLRLRLRRRLRLLRLLRRRLLLLLLRLLRRLLLLLRRLLLRLRRRRLLLLLLLLLLLLLLLLLLLLLLLLLLLLLLRLLLLLLLLLLLLLLLLLLLLLLLLLLRRRRRRRRRRRRRRRRRRRRRRRRRRRRRRRRRRRRRRLLLLLLLLLLLLLLLLLLLLLRLLLLLLLLLLLLLLLLLLLLLLLLLLLLLLLLLLLRRRRRRLLLLLRRRRRRRRRRRRRRLLLLLLLLLLLLLLLLLLLLLLLLLLLLLLLLLLLLLLLRRRLLLLLLLLLLLLLLLLLLLLLLLLLLLLLLLLLLLLLLLLLLLLLLLLLLLLLLLLLRLLLLLLLLLLLLLLLLLLLLLLLLLLLLLLLLLLLLLLLLLLLLLLLRRRRRRRRRRRRRRLRRRRRRRRLRRRRRRRLLLLLLLLLLLLLLLLLRLLLLLLLLL
RRLRRRRLRRRRRRRRRRRRRRRRRRRRRRRRRRRRRRRRRRRRRRRRRRRRRRRRLRRRRRRRRRRRRRRRRRRRRRRRRRRRRRRRRRRRRRRRRRRRRRRRRRRRRRRRRRRRRRRRRRRRRRRRRRRRRRRRRRRRRRRRRRRRRRRRRRRRRRRRRLRRRRRRRRRLRRRRRRRRRRLRRRRRRRRRRRRRRRRRRRRLRRRRRRRRRRRRRRRRRRRRRRRRRRRRRRRRRRRRRRRLRRRRRRRRRLLLLLRLLLLLLLLLLLLLLLLLLLLLLLLLLLLLLLLLLLLLLLLLLLLLLLLLLLLLLLLLLLLLLLLLLLRLLLLLLLLLLLLLLLLLLLLLLLLLLLLLLLLLLLLLLLLLLLLLLLLLLLLLLLLLLLLLLLLLLRLLLLLLRLLLLLLLLLLLLLLLLLLLLLLLLLLLLRLLLLLLLLLLLLLLLLRLLLLLLLLLLLLLLLLLLRLLLLLLLLLLLLLLLLLLLLLLLRLLLLLLLLLL
RRRRRRRRRRRRRRRRRRRRRLRRRRRRRRRRRRRRRRRRRRRRRRLRRLRRRRRRRRRRRRRRRRRRRRRRRRRRRRRRRRRRRRRRRRRRRRRRRRRRRRRLLRRRRRRRRRRRRRRRRRRRRRRRRRRRRRRRRRRRRRRRRRLRRRRRRRRRRRRRRRRRRRRRRRRRRRRRRRRRRRRRRRRRRRRRRRRRRRRRRRRRRRRRRRRRRRRRRRRRRRRRRRRRRRRRRRRRRRRRRRRRRRRRRRRRRRRLRRRRRRLLLLLLLLLLLRLLLRLLLLLLLLLLLLLLLLLLLLLLLLLLLLLLLLLLLLLLRLLLLLLLLLLLLLLLLLLLLLLLLLLLLLLLLLLLLLLLLLLLLLLLLLLLLLLLLLLLLLLLLLLLLLRLLLLLLLLLLLLLLLLLLLLRLLLLLLLLLLLLLLLLLLLLLLLLLLLLLLLLLLLLLLLLLLLLLLLLLLLLLLLLRLLLLLLLLLLLLLLLLLLLLRLLLLLLLLLLLLLL
LLRRLLLLLLLRRRRRRRRRRRRRRRRRRRRLLLLLLLRLLLLLLLLLLLLLLLLLLLLLLLLRRRRRRRRRRRRRRLRRRRRRRRRRRRRRRRRRRLLLLLLLLLLLLLLLRLLLLLRLRRRRRRRRRRRRRRRRRRRRRRRRRRRRRRRRRRRRRRRRRRRRRRRRRRRRRRRRRRRRRRRRRRRRRRRRRRRLRRRRRRRRRRRRRRRRRLRLRRRRLLRRRRRRRRRLRRRRRRRLRRRRRRRRRRRRRRRRRRRRRRRRRRRRRRLRRLRRRRRRRRRRRRRRLRRRRLRRRRRRRRRRRRRRRRRRRRRRRRRRRRRRRRRRRRRRRRRRRRRRRRRRRRRRRRRRRRRRRRRRRRRRRRRRRRRRRRRRRRRRRRRRRRRRRRLLLLLLLLLLLLLLLLLLLLLLLLRRLRRRRRRRRRRLRRRRRRRRRLRRRRRRRRRRRRRRRRRRRRRRLLLLLLLLLLLLLLLLRLLLLLLLLLLLLLLLRLLLLLLL
